{"timestamp":"2026-09-09T20:30:35.132487Z","level":"info","event":"::group::Pre Execute","logger":"task","filename":"task_runner.py","lineno":2412}
{"timestamp":"2026-09-09T20:30:35.154413Z","level":"info","event":"DAG bundles loaded: dags-folder, example_dags, apache-airflow-providers-common-sql-example-dags, apache-airflow-providers-standard-example-dags","try_number":1,"dag_id":"olist_ecommerce_pipeline","ti_id":"01a087dc-eb53-7ae9-99c1-3fbf6c6b0ef8","map_index":-1,"task_id":"build_database","run_id":"manual__2026-09-09T20:29:57.417753+00:00","logger":"airflow.dag_processing.bundles.manager.DagBundlesManager","filename":"manager.py","lineno":304}
{"timestamp":"2026-09-09T20:30:35.155421Z","level":"info","event":"Filling up the DagBag from /workspaces/olist-ecommerce-pipeline/airflow/dags/olist_pipeline_dag.py","try_number":1,"dag_id":"olist_ecommerce_pipeline","ti_id":"01a087dc-eb53-7ae9-99c1-3fbf6c6b0ef8","map_index":-1,"task_id":"build_database","run_id":"manual__2026-09-09T20:29:57.417753+00:00","logger":"airflow.dag_processing.dagbag.BundleDagBag","filename":"dagbag.py","lineno":460}
{"timestamp":"2026-09-09T20:30:35.208039Z","level":"info","event":"Worker startup parse complete","bundle_name":"dags-folder","bundle_version":null,"dag_file":"olist_pipeline_dag.py","dag_id":"olist_ecommerce_pipeline","bundle_prepare_ms":2,"dag_file_parse_ms":52,"try_number":1,"ti_id":"01a087dc-eb53-7ae9-99c1-3fbf6c6b0ef8","map_index":-1,"task_id":"build_database","run_id":"manual__2026-09-09T20:29:57.417753+00:00","logger":"task","filename":"task_runner.py","lineno":1073}
{"timestamp":"2026-09-09T20:30:35.236331Z","level":"info","event":"Task instance is in running state","logger":"task.stdout"}
{"timestamp":"2026-09-09T20:30:35.237143Z","level":"info","event":" Previous state of the Task instance: TaskInstanceState.QUEUED","logger":"task.stdout"}
{"timestamp":"2026-09-09T20:30:35.237507Z","level":"info","event":"Current task name:build_database","logger":"task.stdout"}
{"timestamp":"2026-09-09T20:30:35.237815Z","level":"info","event":"Dag name:olist_ecommerce_pipeline","logger":"task.stdout"}
{"timestamp":"2026-09-09T20:30:35.236796Z","level":"info","event":"::endgroup::","try_number":1,"dag_id":"olist_ecommerce_pipeline","ti_id":"01a087dc-eb53-7ae9-99c1-3fbf6c6b0ef8","map_index":-1,"task_id":"build_database","run_id":"manual__2026-09-09T20:29:57.417753+00:00","logger":"task","filename":"task_runner.py","lineno":2232}
{"timestamp":"2026-09-09T20:31:56.026188Z","level":"info","event":"================================================================================","logger":"task.stdout"}
{"timestamp":"2026-09-09T20:31:56.028158Z","level":"info","event":"CREATING SCHEMA","logger":"task.stdout"}
{"timestamp":"2026-09-09T20:31:56.028315Z","level":"info","event":"================================================================================","logger":"task.stdout"}
{"timestamp":"2026-09-09T20:31:56.028442Z","level":"info","event":"Database ready at: /workspaces/olist-ecommerce-pipeline/database/olist.db","logger":"task.stdout"}
{"timestamp":"2026-09-09T20:31:56.028621Z","level":"info","event":"","logger":"task.stdout"}
{"timestamp":"2026-09-09T20:31:56.028749Z","level":"info","event":"================================================================================","logger":"task.stdout"}
{"timestamp":"2026-09-09T20:31:56.028859Z","level":"info","event":"LOADING STAGING DATA","logger":"task.stdout"}
{"timestamp":"2026-09-09T20:31:56.028974Z","level":"info","event":"================================================================================","logger":"task.stdout"}
{"timestamp":"2026-09-09T20:31:56.029086Z","level":"info","event":"customers                      99,441 rows loaded","logger":"task.stdout"}
{"timestamp":"2026-09-09T20:31:56.029205Z","level":"info","event":"products                       32,951 rows loaded","logger":"task.stdout"}
{"timestamp":"2026-09-09T20:31:56.029358Z","level":"info","event":"sellers                         3,095 rows loaded","logger":"task.stdout"}
{"timestamp":"2026-09-09T20:31:56.029500Z","level":"info","event":"category_translation               71 rows loaded","logger":"task.stdout"}
{"timestamp":"2026-09-09T20:31:56.030697Z","level":"info","event":"geolocation                   738,332 rows loaded","logger":"task.stdout"}
{"timestamp":"2026-09-09T20:31:56.030817Z","level":"info","event":"orders                         99,441 rows loaded","logger":"task.stdout"}
{"timestamp":"2026-09-09T20:31:56.030938Z","level":"info","event":"order_items                   112,650 rows loaded","logger":"task.stdout"}
{"timestamp":"2026-09-09T20:31:56.032653Z","level":"info","event":"payments                      103,886 rows loaded","logger":"task.stdout"}
{"timestamp":"2026-09-09T20:31:56.032843Z","level":"info","event":"reviews                        99,224 rows loaded","logger":"task.stdout"}
{"timestamp":"2026-09-09T20:31:56.032991Z","level":"info","event":"","logger":"task.stdout"}
{"timestamp":"2026-09-09T20:31:56.033128Z","level":"info","event":"================================================================================","logger":"task.stdout"}
{"timestamp":"2026-09-09T20:31:56.033241Z","level":"info","event":"ROW-COUNT RECONCILIATION (RAW -> STAGING -> SQLITE)","logger":"task.stdout"}
{"timestamp":"2026-09-09T20:31:56.033373Z","level":"info","event":"================================================================================","logger":"task.stdout"}
{"timestamp":"2026-09-09T20:31:56.033487Z","level":"info","event":"customers              raw=   99,441  staging=   99,441  sqlite=   99,441  [OK]","logger":"task.stdout"}
{"timestamp":"2026-09-09T20:31:56.035635Z","level":"info","event":"geolocation            raw=1,000,163  staging=  738,332  sqlite=  738,332  [OK]","logger":"task.stdout"}
{"timestamp":"2026-09-09T20:31:56.035801Z","level":"info","event":"orders                 raw=   99,441  staging=   99,441  sqlite=   99,441  [OK]","logger":"task.stdout"}
{"timestamp":"2026-09-09T20:31:56.035942Z","level":"info","event":"order_items            raw=  112,650  staging=  112,650  sqlite=  112,650  [OK]","logger":"task.stdout"}
{"timestamp":"2026-09-09T20:31:56.036096Z","level":"info","event":"payments               raw=  103,886  staging=  103,886  sqlite=  103,886  [OK]","logger":"task.stdout"}
{"timestamp":"2026-09-09T20:31:56.036253Z","level":"info","event":"reviews                raw=   99,224  staging=   99,224  sqlite=   99,224  [OK]","logger":"task.stdout"}
{"timestamp":"2026-09-09T20:31:56.036414Z","level":"info","event":"products               raw=   32,951  staging=   32,951  sqlite=   32,951  [OK]","logger":"task.stdout"}
{"timestamp":"2026-09-09T20:31:56.036566Z","level":"info","event":"sellers                raw=    3,095  staging=    3,095  sqlite=    3,095  [OK]","logger":"task.stdout"}
{"timestamp":"2026-09-09T20:31:56.036754Z","level":"info","event":"category_translation   raw=       71  staging=       71  sqlite=       71  [OK]","logger":"task.stdout"}
{"timestamp":"2026-09-09T20:31:56.036919Z","level":"info","event":"","logger":"task.stdout"}
{"timestamp":"2026-09-09T20:31:56.037083Z","level":"info","event":"================================================================================","logger":"task.stdout"}
{"timestamp":"2026-09-09T20:31:56.037244Z","level":"info","event":"PRIMARY-KEY INTEGRITY","logger":"task.stdout"}
{"timestamp":"2026-09-09T20:31:56.037402Z","level":"info","event":"================================================================================","logger":"task.stdout"}
{"timestamp":"2026-09-09T20:31:56.037562Z","level":"info","event":"customers             VALID             (total=99,441, distinct=99,441)","logger":"task.stdout"}
{"timestamp":"2026-09-09T20:31:56.041862Z","level":"info","event":"orders                VALID             (total=99,441, distinct=99,441)","logger":"task.stdout"}
{"timestamp":"2026-09-09T20:31:56.042100Z","level":"info","event":"products              VALID             (total=32,951, distinct=32,951)","logger":"task.stdout"}
{"timestamp":"2026-09-09T20:31:56.042292Z","level":"info","event":"sellers               VALID             (total=3,095, distinct=3,095)","logger":"task.stdout"}
{"timestamp":"2026-09-09T20:31:56.042443Z","level":"info","event":"category_translation  VALID             (total=71, distinct=71)","logger":"task.stdout"}
{"timestamp":"2026-09-09T20:31:56.042601Z","level":"info","event":"order_items           VALID             (total=112,650, distinct=112,650)","logger":"task.stdout"}
{"timestamp":"2026-09-09T20:31:56.042747Z","level":"info","event":"payments              VALID             (total=103,886, distinct=103,886)","logger":"task.stdout"}
{"timestamp":"2026-09-09T20:31:56.042880Z","level":"info","event":"reviews               VALID             (total=99,224, distinct=99,224)","logger":"task.stdout"}
{"timestamp":"2026-09-09T20:31:56.043013Z","level":"info","event":"","logger":"task.stdout"}
{"timestamp":"2026-09-09T20:31:56.043148Z","level":"info","event":"================================================================================","logger":"task.stdout"}
{"timestamp":"2026-09-09T20:31:56.043281Z","level":"info","event":"FOREIGN-KEY INTEGRITY","logger":"task.stdout"}
{"timestamp":"2026-09-09T20:31:56.043417Z","level":"info","event":"================================================================================","logger":"task.stdout"}
{"timestamp":"2026-09-09T20:31:56.043551Z","level":"info","event":"orders.customer_id          -> customers.customer_id          [VALID] orphans=0","logger":"task.stdout"}
{"timestamp":"2026-09-09T20:31:56.047750Z","level":"info","event":"order_items.order_id             -> orders.order_id             [VALID] orphans=0","logger":"task.stdout"}
{"timestamp":"2026-09-09T20:31:56.047896Z","level":"info","event":"order_items.product_id           -> products.product_id           [VALID] orphans=0","logger":"task.stdout"}
{"timestamp":"2026-09-09T20:31:56.048047Z","level":"info","event":"order_items.seller_id            -> sellers.seller_id            [VALID] orphans=0","logger":"task.stdout"}
{"timestamp":"2026-09-09T20:31:56.048181Z","level":"info","event":"payments.order_id             -> orders.order_id             [VALID] orphans=0","logger":"task.stdout"}
{"timestamp":"2026-09-09T20:31:56.048315Z","level":"info","event":"reviews.order_id             -> orders.order_id             [VALID] orphans=0","logger":"task.stdout"}
{"timestamp":"2026-09-09T20:31:56.048454Z","level":"info","event":"","logger":"task.stdout"}
{"timestamp":"2026-09-09T20:31:56.048612Z","level":"info","event":"SQLite native foreign_key_check violations: 0","logger":"task.stdout"}
{"timestamp":"2026-09-09T20:31:56.048758Z","level":"info","event":"","logger":"task.stdout"}
{"timestamp":"2026-09-09T20:31:56.048890Z","level":"info","event":"================================================================================","logger":"task.stdout"}
{"timestamp":"2026-09-09T20:31:56.049022Z","level":"info","event":"CREATING INDEXES","logger":"task.stdout"}
{"timestamp":"2026-09-09T20:31:56.049154Z","level":"info","event":"================================================================================","logger":"task.stdout"}
{"timestamp":"2026-09-09T20:31:56.049283Z","level":"info","event":"Indexes created/verified: 12","logger":"task.stdout"}
{"timestamp":"2026-09-09T20:31:56.049412Z","level":"info","event":"","logger":"task.stdout"}
{"timestamp":"2026-09-09T20:31:56.049543Z","level":"info","event":"================================================================================","logger":"task.stdout"}
{"timestamp":"2026-09-09T20:31:56.053755Z","level":"info","event":"DATABASE BUILD COMPLETE","logger":"task.stdout"}
{"timestamp":"2026-09-09T20:31:56.053920Z","level":"info","event":"================================================================================","logger":"task.stdout"}
{"timestamp":"2026-09-09T20:31:56.054059Z","level":"info","event":"","logger":"task.stdout"}
{"timestamp":"2026-09-09T20:31:55.999233Z","level":"info","event":"Done. Returned value was: None","try_number":1,"dag_id":"olist_ecommerce_pipeline","ti_id":"01a087dc-eb53-7ae9-99c1-3fbf6c6b0ef8","map_index":-1,"task_id":"build_database","run_id":"manual__2026-09-09T20:29:57.417753+00:00","logger":"airflow.task.operators.airflow.providers.standard.decorators.python._PythonDecoratedOperator","filename":"python.py","lineno":233}
{"timestamp":"2026-09-09T20:31:55.999412Z","level":"info","event":"::group::Post Execute","try_number":1,"dag_id":"olist_ecommerce_pipeline","ti_id":"01a087dc-eb53-7ae9-99c1-3fbf6c6b0ef8","map_index":-1,"task_id":"build_database","run_id":"manual__2026-09-09T20:29:57.417753+00:00","logger":"task","filename":"task_runner.py","lineno":1580}
{"timestamp":"2026-09-09T20:31:56.094112Z","level":"info","event":"Task instance in success state","logger":"task.stdout"}
{"timestamp":"2026-09-09T20:31:56.097636Z","level":"info","event":" Previous state of the Task instance: TaskInstanceState.RUNNING","logger":"task.stdout"}
{"timestamp":"2026-09-09T20:31:56.097836Z","level":"info","event":"Task operator:<Task(_PythonDecoratedOperator): build_database>","logger":"task.stdout"}
{"timestamp":"2026-09-09T20:31:56.095010Z","level":"info","event":"::endgroup::","try_number":1,"dag_id":"olist_ecommerce_pipeline","ti_id":"01a087dc-eb53-7ae9-99c1-3fbf6c6b0ef8","map_index":-1,"task_id":"build_database","run_id":"manual__2026-09-09T20:29:57.417753+00:00","logger":"task","filename":"task_runner.py","lineno":2379}
