{"timestamp":"2026-09-09T20:33:43.855662Z","level":"info","event":"::group::Pre Execute","logger":"task","filename":"task_runner.py","lineno":2412}
{"timestamp":"2026-09-09T20:33:43.883206Z","level":"info","event":"DAG bundles loaded: dags-folder, example_dags, apache-airflow-providers-common-sql-example-dags, apache-airflow-providers-standard-example-dags","dag_id":"olist_ecommerce_pipeline","ti_id":"01a087dc-eb57-727f-9286-afc5b5d01f5b","map_index":-1,"task_id":"build_charts","try_number":1,"run_id":"manual__2026-09-09T20:29:57.417753+00:00","logger":"airflow.dag_processing.bundles.manager.DagBundlesManager","filename":"manager.py","lineno":304}
{"timestamp":"2026-09-09T20:33:43.884023Z","level":"info","event":"Filling up the DagBag from /workspaces/olist-ecommerce-pipeline/airflow/dags/olist_pipeline_dag.py","dag_id":"olist_ecommerce_pipeline","ti_id":"01a087dc-eb57-727f-9286-afc5b5d01f5b","map_index":-1,"task_id":"build_charts","try_number":1,"run_id":"manual__2026-09-09T20:29:57.417753+00:00","logger":"airflow.dag_processing.dagbag.BundleDagBag","filename":"dagbag.py","lineno":460}
{"timestamp":"2026-09-09T20:33:43.936639Z","level":"info","event":"Worker startup parse complete","bundle_name":"dags-folder","bundle_version":null,"dag_file":"olist_pipeline_dag.py","dag_id":"olist_ecommerce_pipeline","bundle_prepare_ms":4,"dag_file_parse_ms":52,"ti_id":"01a087dc-eb57-727f-9286-afc5b5d01f5b","map_index":-1,"task_id":"build_charts","try_number":1,"run_id":"manual__2026-09-09T20:29:57.417753+00:00","logger":"task","filename":"task_runner.py","lineno":1073}
{"timestamp":"2026-09-09T20:33:43.959274Z","level":"info","event":"Task instance is in running state","logger":"task.stdout"}
{"timestamp":"2026-09-09T20:33:43.959525Z","level":"info","event":" Previous state of the Task instance: TaskInstanceState.QUEUED","logger":"task.stdout"}
{"timestamp":"2026-09-09T20:33:43.959758Z","level":"info","event":"Current task name:build_charts","logger":"task.stdout"}
{"timestamp":"2026-09-09T20:33:43.959892Z","level":"info","event":"Dag name:olist_ecommerce_pipeline","logger":"task.stdout"}
{"timestamp":"2026-09-09T20:33:43.959721Z","level":"info","event":"::endgroup::","dag_id":"olist_ecommerce_pipeline","ti_id":"01a087dc-eb57-727f-9286-afc5b5d01f5b","map_index":-1,"task_id":"build_charts","try_number":1,"run_id":"manual__2026-09-09T20:29:57.417753+00:00","logger":"task","filename":"task_runner.py","lineno":2232}
{"timestamp":"2026-09-09T20:33:50.226538Z","level":"info","event":"================================================================================","logger":"task.stdout"}
{"timestamp":"2026-09-09T20:33:50.227290Z","level":"info","event":"GENERATING BI VISUALIZATIONS","logger":"task.stdout"}
{"timestamp":"2026-09-09T20:33:50.227479Z","level":"info","event":"================================================================================","logger":"task.stdout"}
{"timestamp":"2026-09-09T20:33:50.227663Z","level":"info","event":"Saved: /workspaces/olist-ecommerce-pipeline/outputs/figures/cluster_sizes.png","logger":"task.stdout"}
{"timestamp":"2026-09-09T20:33:50.229225Z","level":"info","event":"Saved: /workspaces/olist-ecommerce-pipeline/outputs/figures/recency_vs_spend_scatter.png","logger":"task.stdout"}
{"timestamp":"2026-09-09T20:33:50.229724Z","level":"info","event":"Saved: /workspaces/olist-ecommerce-pipeline/outputs/figures/avg_review_score_by_cluster.png","logger":"task.stdout"}
{"timestamp":"2026-09-09T20:33:50.230138Z","level":"info","event":"","logger":"task.stdout"}
{"timestamp":"2026-09-09T20:33:50.230401Z","level":"info","event":"================================================================================","logger":"task.stdout"}
{"timestamp":"2026-09-09T20:33:50.230809Z","level":"info","event":"ALL CHARTS GENERATED","logger":"task.stdout"}
{"timestamp":"2026-09-09T20:33:50.231090Z","level":"info","event":"================================================================================","logger":"task.stdout"}
{"timestamp":"2026-09-09T20:33:50.231465Z","level":"info","event":"","logger":"task.stdout"}
{"timestamp":"2026-09-09T20:33:50.226853Z","level":"info","event":"Done. Returned value was: None","dag_id":"olist_ecommerce_pipeline","ti_id":"01a087dc-eb57-727f-9286-afc5b5d01f5b","map_index":-1,"task_id":"build_charts","try_number":1,"run_id":"manual__2026-09-09T20:29:57.417753+00:00","logger":"airflow.task.operators.airflow.providers.standard.decorators.python._PythonDecoratedOperator","filename":"python.py","lineno":233}
{"timestamp":"2026-09-09T20:33:50.227034Z","level":"info","event":"::group::Post Execute","dag_id":"olist_ecommerce_pipeline","ti_id":"01a087dc-eb57-727f-9286-afc5b5d01f5b","map_index":-1,"task_id":"build_charts","try_number":1,"run_id":"manual__2026-09-09T20:29:57.417753+00:00","logger":"task","filename":"task_runner.py","lineno":1580}
{"timestamp":"2026-09-09T20:33:50.257693Z","level":"info","event":"Task instance in success state","logger":"task.stdout"}
{"timestamp":"2026-09-09T20:33:50.257893Z","level":"info","event":" Previous state of the Task instance: TaskInstanceState.RUNNING","logger":"task.stdout"}
{"timestamp":"2026-09-09T20:33:50.258060Z","level":"info","event":"Task operator:<Task(_PythonDecoratedOperator): build_charts>","logger":"task.stdout"}
{"timestamp":"2026-09-09T20:33:50.256212Z","level":"info","event":"::endgroup::","dag_id":"olist_ecommerce_pipeline","ti_id":"01a087dc-eb57-727f-9286-afc5b5d01f5b","map_index":-1,"task_id":"build_charts","try_number":1,"run_id":"manual__2026-09-09T20:29:57.417753+00:00","logger":"task","filename":"task_runner.py","lineno":2379}
