{"timestamp":"2026-09-09T18:30:54.646914Z","level":"info","event":"::group::Pre Execute","logger":"task","filename":"task_runner.py","lineno":2412}
{"timestamp":"2026-09-09T18:30:54.829557Z","level":"info","event":"DAG bundles loaded: dags-folder, example_dags, apache-airflow-providers-common-sql-example-dags, apache-airflow-providers-standard-example-dags","ti_id":"01a0876b-5718-7445-8375-a30e2934cd50","map_index":-1,"try_number":3,"task_id":"ingest","run_id":"manual__2026-09-09T18:20:52.928499+00:00","dag_id":"olist_ecommerce_pipeline","logger":"airflow.dag_processing.bundles.manager.DagBundlesManager","filename":"manager.py","lineno":304}
{"timestamp":"2026-09-09T18:30:54.830351Z","level":"info","event":"Filling up the DagBag from /workspaces/olist-ecommerce-pipeline/airflow/dags/olist_pipeline_dag.py","ti_id":"01a0876b-5718-7445-8375-a30e2934cd50","map_index":-1,"try_number":3,"task_id":"ingest","run_id":"manual__2026-09-09T18:20:52.928499+00:00","dag_id":"olist_ecommerce_pipeline","logger":"airflow.dag_processing.dagbag.BundleDagBag","filename":"dagbag.py","lineno":460}
{"timestamp":"2026-09-09T18:30:54.872410Z","level":"info","event":"Worker startup parse complete","bundle_name":"dags-folder","bundle_version":null,"dag_file":"olist_pipeline_dag.py","dag_id":"olist_ecommerce_pipeline","bundle_prepare_ms":1,"dag_file_parse_ms":42,"ti_id":"01a0876b-5718-7445-8375-a30e2934cd50","map_index":-1,"try_number":3,"task_id":"ingest","run_id":"manual__2026-09-09T18:20:52.928499+00:00","logger":"task","filename":"task_runner.py","lineno":1073}
{"timestamp":"2026-09-09T18:30:54.902749Z","level":"info","event":"Task instance is in running state","logger":"task.stdout"}
{"timestamp":"2026-09-09T18:30:54.903021Z","level":"info","event":" Previous state of the Task instance: TaskInstanceState.QUEUED","logger":"task.stdout"}
{"timestamp":"2026-09-09T18:30:54.903709Z","level":"info","event":"Current task name:ingest","logger":"task.stdout"}
{"timestamp":"2026-09-09T18:30:54.903910Z","level":"info","event":"Dag name:olist_ecommerce_pipeline","logger":"task.stdout"}
{"timestamp":"2026-09-09T18:30:54.901688Z","level":"info","event":"::endgroup::","ti_id":"01a0876b-5718-7445-8375-a30e2934cd50","map_index":-1,"try_number":3,"task_id":"ingest","run_id":"manual__2026-09-09T18:20:52.928499+00:00","dag_id":"olist_ecommerce_pipeline","logger":"task","filename":"task_runner.py","lineno":2232}
{"timestamp":"2026-09-09T18:30:54.960814Z","level":"info","event":"Using existing Kaggle credentials from environment variables.","logger":"task.stdout"}
{"timestamp":"2026-09-09T18:30:54.961028Z","level":"info","event":"","logger":"task.stdout"}
{"timestamp":"2026-09-09T18:30:54.961180Z","level":"info","event":"Traceback (most recent call last):","logger":"task.stdout"}
{"timestamp":"2026-09-09T18:30:54.961322Z","level":"info","event":"  File \"/workspaces/olist-ecommerce-pipeline/src/ingestion/download_dataset.py\", line 48, in <module>","logger":"task.stdout"}
{"timestamp":"2026-09-09T18:30:54.961466Z","level":"info","event":"    download_olist_dataset()","logger":"task.stdout"}
{"timestamp":"2026-09-09T18:30:54.961645Z","level":"info","event":"    ~~~~~~~~~~~~~~~~~~~~~~^^","logger":"task.stdout"}
{"timestamp":"2026-09-09T18:30:54.961799Z","level":"info","event":"  File \"/workspaces/olist-ecommerce-pipeline/src/ingestion/download_dataset.py\", line 25, in download_olist_dataset","logger":"task.stdout"}
{"timestamp":"2026-09-09T18:30:54.961947Z","level":"info","event":"    import kaggle","logger":"task.stdout"}
{"timestamp":"2026-09-09T18:30:54.962086Z","level":"info","event":"ModuleNotFoundError: No module named 'kaggle'","logger":"task.stdout"}
{"timestamp":"2026-09-09T18:30:54.962230Z","level":"info","event":"","logger":"task.stdout"}
{"timestamp":"2026-09-09T18:30:54.960872Z","level":"error","event":"Task failed with exception","ti_id":"01a0876b-5718-7445-8375-a30e2934cd50","map_index":-1,"try_number":3,"task_id":"ingest","run_id":"manual__2026-09-09T18:20:52.928499+00:00","dag_id":"olist_ecommerce_pipeline","logger":"task","filename":"task_runner.py","lineno":1676,"error_detail":[{"exc_type":"RuntimeError","exc_value":"src/ingestion/download_dataset.py failed with exit code 1","exc_notes":[],"syntax_error":null,"is_cause":false,"frames":[{"filename":"/workspaces/olist-ecommerce-pipeline/venv-airflow/lib/python3.14/site-packages/airflow/sdk/execution_time/task_runner.py","lineno":1579,"name":"_run_task_and_map_outcome"},{"filename":"/workspaces/olist-ecommerce-pipeline/venv-airflow/lib/python3.14/site-packages/airflow/sdk/execution_time/task_runner.py","lineno":197,"name":"wrapper"},{"filename":"/workspaces/olist-ecommerce-pipeline/venv-airflow/lib/python3.14/site-packages/airflow/sdk/execution_time/task_runner.py","lineno":2234,"name":"_execute_task"},{"filename":"/workspaces/olist-ecommerce-pipeline/venv-airflow/lib/python3.14/site-packages/airflow/sdk/execution_time/task_runner.py","lineno":197,"name":"wrapper"},{"filename":"/workspaces/olist-ecommerce-pipeline/venv-airflow/lib/python3.14/site-packages/airflow/sdk/execution_time/task_runner.py","lineno":2192,"name":"_run_execute_callable"},{"filename":"/workspaces/olist-ecommerce-pipeline/venv-airflow/lib/python3.14/site-packages/airflow/sdk/bases/operator.py","lineno":445,"name":"wrapper"},{"filename":"/workspaces/olist-ecommerce-pipeline/venv-airflow/lib/python3.14/site-packages/airflow/sdk/bases/decorator.py","lineno":398,"name":"execute"},{"filename":"/workspaces/olist-ecommerce-pipeline/venv-airflow/lib/python3.14/site-packages/airflow/sdk/bases/operator.py","lineno":445,"name":"wrapper"},{"filename":"/workspaces/olist-ecommerce-pipeline/venv-airflow/lib/python3.14/site-packages/airflow/providers/standard/operators/python.py","lineno":231,"name":"execute"},{"filename":"/workspaces/olist-ecommerce-pipeline/venv-airflow/lib/python3.14/site-packages/airflow/providers/standard/operators/python.py","lineno":254,"name":"execute_callable"},{"filename":"/workspaces/olist-ecommerce-pipeline/venv-airflow/lib/python3.14/site-packages/airflow/sdk/execution_time/callback_runner.py","lineno":97,"name":"run"},{"filename":"/workspaces/olist-ecommerce-pipeline/airflow/dags/olist_pipeline_dag.py","lineno":77,"name":"ingest"},{"filename":"/workspaces/olist-ecommerce-pipeline/airflow/dags/olist_pipeline_dag.py","lineno":56,"name":"run_stage"}],"is_group":false,"exceptions":[]}]}
{"timestamp":"2026-09-09T18:30:54.961266Z","level":"info","event":"::group::Post Execute","ti_id":"01a0876b-5718-7445-8375-a30e2934cd50","map_index":-1,"try_number":3,"task_id":"ingest","run_id":"manual__2026-09-09T18:20:52.928499+00:00","dag_id":"olist_ecommerce_pipeline","logger":"task","filename":"task_runner.py","lineno":1677}
{"timestamp":"2026-09-09T18:30:54.964531Z","level":"info","event":"Task instance in failure state","logger":"task.stdout"}
{"timestamp":"2026-09-09T18:30:54.964922Z","level":"info","event":"Task start","logger":"task.stdout"}
{"timestamp":"2026-09-09T18:30:54.965189Z","level":"info","event":"Task:<Task(_PythonDecoratedOperator): ingest>","logger":"task.stdout"}
{"timestamp":"2026-09-09T18:30:54.965419Z","level":"info","event":"Failure caused by src/ingestion/download_dataset.py failed with exit code 1","logger":"task.stdout"}
{"timestamp":"2026-09-09T18:30:54.964890Z","level":"info","event":"::endgroup::","ti_id":"01a0876b-5718-7445-8375-a30e2934cd50","map_index":-1,"try_number":3,"task_id":"ingest","run_id":"manual__2026-09-09T18:20:52.928499+00:00","dag_id":"olist_ecommerce_pipeline","logger":"task","filename":"task_runner.py","lineno":2379}
