{"timestamp":"2026-09-09T20:32:13.226378Z","level":"info","event":"::group::Pre Execute","logger":"task","filename":"task_runner.py","lineno":2412}
{"timestamp":"2026-09-09T20:32:13.239503Z","level":"info","event":"DAG bundles loaded: dags-folder, example_dags, apache-airflow-providers-common-sql-example-dags, apache-airflow-providers-standard-example-dags","dag_id":"olist_ecommerce_pipeline","ti_id":"01a087dc-eb56-7e87-849b-227e5faae220","map_index":-1,"task_id":"build_segmentation","try_number":1,"run_id":"manual__2026-09-09T20:29:57.417753+00:00","logger":"airflow.dag_processing.bundles.manager.DagBundlesManager","filename":"manager.py","lineno":304}
{"timestamp":"2026-09-09T20:32:13.240262Z","level":"info","event":"Filling up the DagBag from /workspaces/olist-ecommerce-pipeline/airflow/dags/olist_pipeline_dag.py","dag_id":"olist_ecommerce_pipeline","ti_id":"01a087dc-eb56-7e87-849b-227e5faae220","map_index":-1,"task_id":"build_segmentation","try_number":1,"run_id":"manual__2026-09-09T20:29:57.417753+00:00","logger":"airflow.dag_processing.dagbag.BundleDagBag","filename":"dagbag.py","lineno":460}
{"timestamp":"2026-09-09T20:32:13.269921Z","level":"info","event":"Worker startup parse complete","bundle_name":"dags-folder","bundle_version":null,"dag_file":"olist_pipeline_dag.py","dag_id":"olist_ecommerce_pipeline","bundle_prepare_ms":1,"dag_file_parse_ms":29,"ti_id":"01a087dc-eb56-7e87-849b-227e5faae220","map_index":-1,"task_id":"build_segmentation","try_number":1,"run_id":"manual__2026-09-09T20:29:57.417753+00:00","logger":"task","filename":"task_runner.py","lineno":1073}
{"timestamp":"2026-09-09T20:32:13.287764Z","level":"info","event":"Task instance is in running state","logger":"task.stdout"}
{"timestamp":"2026-09-09T20:32:13.288052Z","level":"info","event":" Previous state of the Task instance: TaskInstanceState.QUEUED","logger":"task.stdout"}
{"timestamp":"2026-09-09T20:32:13.289710Z","level":"info","event":"Current task name:build_segmentation","logger":"task.stdout"}
{"timestamp":"2026-09-09T20:32:13.289882Z","level":"info","event":"Dag name:olist_ecommerce_pipeline","logger":"task.stdout"}
{"timestamp":"2026-09-09T20:32:13.286287Z","level":"info","event":"::endgroup::","dag_id":"olist_ecommerce_pipeline","ti_id":"01a087dc-eb56-7e87-849b-227e5faae220","map_index":-1,"task_id":"build_segmentation","try_number":1,"run_id":"manual__2026-09-09T20:29:57.417753+00:00","logger":"task","filename":"task_runner.py","lineno":2232}
{"timestamp":"2026-09-09T20:33:43.240319Z","level":"info","event":"================================================================================","logger":"task.stdout"}
{"timestamp":"2026-09-09T20:33:43.242827Z","level":"info","event":"CUSTOMER SEGMENTATION (KMEANS)","logger":"task.stdout"}
{"timestamp":"2026-09-09T20:33:43.243003Z","level":"info","event":"================================================================================","logger":"task.stdout"}
{"timestamp":"2026-09-09T20:33:43.243939Z","level":"info","event":"Customers with complete features: 92,791 (dropped 605 missing review scores)","logger":"task.stdout"}
{"timestamp":"2026-09-09T20:33:43.244253Z","level":"info","event":"","logger":"task.stdout"}
{"timestamp":"2026-09-09T20:33:43.244567Z","level":"info","event":"Silhouette score: 0.395","logger":"task.stdout"}
{"timestamp":"2026-09-09T20:33:43.244892Z","level":"info","event":"(Scores near 0 are expected here — with ~97% one-time buyers, clusters will overlap heavily rather than separate cleanly. This reflects the real distribution, not a modeling error.)","logger":"task.stdout"}
{"timestamp":"2026-09-09T20:33:43.245196Z","level":"info","event":"","logger":"task.stdout"}
{"timestamp":"2026-09-09T20:33:43.245534Z","level":"info","event":"================================================================================","logger":"task.stdout"}
{"timestamp":"2026-09-09T20:33:43.245854Z","level":"info","event":"CLUSTER PROFILES (mean values per cluster)","logger":"task.stdout"}
{"timestamp":"2026-09-09T20:33:43.246153Z","level":"info","event":"================================================================================","logger":"task.stdout"}
{"timestamp":"2026-09-09T20:33:43.246499Z","level":"info","event":"         recency_days  purchase_frequency  total_spent  avg_review_score  customer_count  pct_of_total","logger":"task.stdout"}
{"timestamp":"2026-09-09T20:33:43.246783Z","level":"info","event":"cluster","logger":"task.stdout"}
{"timestamp":"2026-09-09T20:33:43.247127Z","level":"info","event":"0              392.54                1.00       157.08              4.64           32068         34.56","logger":"task.stdout"}
{"timestamp":"2026-09-09T20:33:43.247367Z","level":"info","event":"1              121.71                1.00       153.83              4.70           42021         45.29","logger":"task.stdout"}
{"timestamp":"2026-09-09T20:33:43.247732Z","level":"info","event":"2              229.96                1.00       182.81              1.72           15940         17.18","logger":"task.stdout"}
{"timestamp":"2026-09-09T20:33:43.247985Z","level":"info","event":"3              219.58                2.11       320.37              4.20            2762          2.98","logger":"task.stdout"}
{"timestamp":"2026-09-09T20:33:43.248331Z","level":"info","event":"","logger":"task.stdout"}
{"timestamp":"2026-09-09T20:33:43.248598Z","level":"info","event":"Repeat-buyer share per cluster:","logger":"task.stdout"}
{"timestamp":"2026-09-09T20:33:43.248910Z","level":"info","event":"  Cluster 0: 0.00% repeat buyers (n=32,068)","logger":"task.stdout"}
{"timestamp":"2026-09-09T20:33:43.249211Z","level":"info","event":"  Cluster 1: 0.00% repeat buyers (n=42,021)","logger":"task.stdout"}
{"timestamp":"2026-09-09T20:33:43.249461Z","level":"info","event":"  Cluster 2: 0.00% repeat buyers (n=15,940)","logger":"task.stdout"}
{"timestamp":"2026-09-09T20:33:43.249805Z","level":"info","event":"  Cluster 3: 99.86% repeat buyers (n=2,762)","logger":"task.stdout"}
{"timestamp":"2026-09-09T20:33:43.250024Z","level":"info","event":"","logger":"task.stdout"}
{"timestamp":"2026-09-09T20:33:43.250423Z","level":"info","event":"Segmented customers saved to: /workspaces/olist-ecommerce-pipeline/data/features/customer_segments.parquet","logger":"task.stdout"}
{"timestamp":"2026-09-09T20:33:43.250715Z","level":"info","event":"Cluster profiles saved to: /workspaces/olist-ecommerce-pipeline/outputs/reports/cluster_profiles.csv","logger":"task.stdout"}
{"timestamp":"2026-09-09T20:33:43.251108Z","level":"info","event":"","logger":"task.stdout"}
{"timestamp":"2026-09-09T20:33:43.240327Z","level":"info","event":"Done. Returned value was: None","dag_id":"olist_ecommerce_pipeline","ti_id":"01a087dc-eb56-7e87-849b-227e5faae220","map_index":-1,"task_id":"build_segmentation","try_number":1,"run_id":"manual__2026-09-09T20:29:57.417753+00:00","logger":"airflow.task.operators.airflow.providers.standard.decorators.python._PythonDecoratedOperator","filename":"python.py","lineno":233}
{"timestamp":"2026-09-09T20:33:43.240504Z","level":"info","event":"::group::Post Execute","dag_id":"olist_ecommerce_pipeline","ti_id":"01a087dc-eb56-7e87-849b-227e5faae220","map_index":-1,"task_id":"build_segmentation","try_number":1,"run_id":"manual__2026-09-09T20:29:57.417753+00:00","logger":"task","filename":"task_runner.py","lineno":1580}
{"timestamp":"2026-09-09T20:33:43.288993Z","level":"info","event":"::endgroup::","dag_id":"olist_ecommerce_pipeline","ti_id":"01a087dc-eb56-7e87-849b-227e5faae220","map_index":-1,"task_id":"build_segmentation","try_number":1,"run_id":"manual__2026-09-09T20:29:57.417753+00:00","logger":"task","filename":"task_runner.py","lineno":2379}
{"timestamp":"2026-09-09T20:33:43.291648Z","level":"info","event":"Task instance in success state","logger":"task.stdout"}
{"timestamp":"2026-09-09T20:33:43.291823Z","level":"info","event":" Previous state of the Task instance: TaskInstanceState.RUNNING","logger":"task.stdout"}
{"timestamp":"2026-09-09T20:33:43.292749Z","level":"info","event":"Task operator:<Task(_PythonDecoratedOperator): build_segmentation>","logger":"task.stdout"}
