{"timestamp":"2026-09-09T23:19:34.355623Z","level":"info","event":"::group::Pre Execute","logger":"task","filename":"task_runner.py","lineno":2412}
{"timestamp":"2026-09-09T23:19:34.542233Z","level":"info","event":"DAG bundles loaded: dags-folder, example_dags, apache-airflow-providers-common-sql-example-dags, apache-airflow-providers-standard-example-dags","run_id":"manual__2026-09-09T23:19:21.524786+00:00","ti_id":"01a08878-02d2-7612-b910-309fa5221e5d","try_number":1,"dag_id":"olist_ecommerce_pipeline","task_id":"build_staging","map_index":-1,"logger":"airflow.dag_processing.bundles.manager.DagBundlesManager","filename":"manager.py","lineno":304}
{"timestamp":"2026-09-09T23:19:34.542952Z","level":"info","event":"Filling up the DagBag from /workspaces/olist-ecommerce-pipeline/airflow/dags/olist_pipeline_dag.py","run_id":"manual__2026-09-09T23:19:21.524786+00:00","ti_id":"01a08878-02d2-7612-b910-309fa5221e5d","try_number":1,"dag_id":"olist_ecommerce_pipeline","task_id":"build_staging","map_index":-1,"logger":"airflow.dag_processing.dagbag.BundleDagBag","filename":"dagbag.py","lineno":460}
{"timestamp":"2026-09-09T23:19:34.578500Z","level":"info","event":"Worker startup parse complete","bundle_name":"dags-folder","bundle_version":null,"dag_file":"olist_pipeline_dag.py","dag_id":"olist_ecommerce_pipeline","bundle_prepare_ms":1,"dag_file_parse_ms":35,"run_id":"manual__2026-09-09T23:19:21.524786+00:00","ti_id":"01a08878-02d2-7612-b910-309fa5221e5d","try_number":1,"task_id":"build_staging","map_index":-1,"logger":"task","filename":"task_runner.py","lineno":1073}
{"timestamp":"2026-09-09T23:19:34.593599Z","level":"info","event":"Task instance is in running state","logger":"task.stdout"}
{"timestamp":"2026-09-09T23:19:34.593919Z","level":"info","event":" Previous state of the Task instance: TaskInstanceState.QUEUED","logger":"task.stdout"}
{"timestamp":"2026-09-09T23:19:34.594194Z","level":"info","event":"Current task name:build_staging","logger":"task.stdout"}
{"timestamp":"2026-09-09T23:19:34.594415Z","level":"info","event":"Dag name:olist_ecommerce_pipeline","logger":"task.stdout"}
{"timestamp":"2026-09-09T23:19:34.593835Z","level":"info","event":"::endgroup::","run_id":"manual__2026-09-09T23:19:21.524786+00:00","ti_id":"01a08878-02d2-7612-b910-309fa5221e5d","try_number":1,"dag_id":"olist_ecommerce_pipeline","task_id":"build_staging","map_index":-1,"logger":"task","filename":"task_runner.py","lineno":2232}
{"timestamp":"2026-09-09T23:19:52.311564Z","level":"info","event":"================================================================================","logger":"task.stdout"}
{"timestamp":"2026-09-09T23:19:52.311999Z","level":"info","event":"LOADING RAW TABLES","logger":"task.stdout"}
{"timestamp":"2026-09-09T23:19:52.312283Z","level":"info","event":"================================================================================","logger":"task.stdout"}
{"timestamp":"2026-09-09T23:19:52.312572Z","level":"info","event":"olist_customers_dataset.csv                        99,441 rows","logger":"task.stdout"}
{"timestamp":"2026-09-09T23:19:52.312850Z","level":"info","event":"olist_geolocation_dataset.csv                   1,000,163 rows","logger":"task.stdout"}
{"timestamp":"2026-09-09T23:19:52.313129Z","level":"info","event":"olist_order_items_dataset.csv                     112,650 rows","logger":"task.stdout"}
{"timestamp":"2026-09-09T23:19:52.313401Z","level":"info","event":"olist_order_payments_dataset.csv                  103,886 rows","logger":"task.stdout"}
{"timestamp":"2026-09-09T23:19:52.313726Z","level":"info","event":"olist_order_reviews_dataset.csv                    99,224 rows","logger":"task.stdout"}
{"timestamp":"2026-09-09T23:19:52.314004Z","level":"info","event":"olist_orders_dataset.csv                           99,441 rows","logger":"task.stdout"}
{"timestamp":"2026-09-09T23:19:52.314288Z","level":"info","event":"olist_products_dataset.csv                         32,951 rows","logger":"task.stdout"}
{"timestamp":"2026-09-09T23:19:52.314614Z","level":"info","event":"olist_sellers_dataset.csv                           3,095 rows","logger":"task.stdout"}
{"timestamp":"2026-09-09T23:19:52.314898Z","level":"info","event":"product_category_name_translation.csv                  71 rows","logger":"task.stdout"}
{"timestamp":"2026-09-09T23:19:52.315162Z","level":"info","event":"","logger":"task.stdout"}
{"timestamp":"2026-09-09T23:19:52.315479Z","level":"info","event":"================================================================================","logger":"task.stdout"}
{"timestamp":"2026-09-09T23:19:52.315757Z","level":"info","event":"APPLYING STAGING TRANSFORMATIONS","logger":"task.stdout"}
{"timestamp":"2026-09-09T23:19:52.316048Z","level":"info","event":"================================================================================","logger":"task.stdout"}
{"timestamp":"2026-09-09T23:19:52.316319Z","level":"info","event":"  olist_order_items_dataset.csv / shipping_limit_date: OK (newly invalid: 0)","logger":"task.stdout"}
{"timestamp":"2026-09-09T23:19:52.316600Z","level":"info","event":"  olist_order_reviews_dataset.csv / review_creation_date: OK (newly invalid: 0)","logger":"task.stdout"}
{"timestamp":"2026-09-09T23:19:52.316926Z","level":"info","event":"  olist_order_reviews_dataset.csv / review_answer_timestamp: OK (newly invalid: 0)","logger":"task.stdout"}
{"timestamp":"2026-09-09T23:19:52.317209Z","level":"info","event":"  olist_orders_dataset.csv / order_purchase_timestamp: OK (newly invalid: 0)","logger":"task.stdout"}
{"timestamp":"2026-09-09T23:19:52.317528Z","level":"info","event":"  olist_orders_dataset.csv / order_approved_at: OK (newly invalid: 0)","logger":"task.stdout"}
{"timestamp":"2026-09-09T23:19:52.317832Z","level":"info","event":"  olist_orders_dataset.csv / order_delivered_carrier_date: OK (newly invalid: 0)","logger":"task.stdout"}
{"timestamp":"2026-09-09T23:19:52.318083Z","level":"info","event":"  olist_orders_dataset.csv / order_delivered_customer_date: OK (newly invalid: 0)","logger":"task.stdout"}
{"timestamp":"2026-09-09T23:19:52.318397Z","level":"info","event":"  olist_orders_dataset.csv / order_estimated_delivery_date: OK (newly invalid: 0)","logger":"task.stdout"}
{"timestamp":"2026-09-09T23:19:52.318715Z","level":"info","event":"","logger":"task.stdout"}
{"timestamp":"2026-09-09T23:19:52.318990Z","level":"info","event":"================================================================================","logger":"task.stdout"}
{"timestamp":"2026-09-09T23:19:52.319278Z","level":"info","event":"STAGING LAYER BUILD COMPLETE","logger":"task.stdout"}
{"timestamp":"2026-09-09T23:19:52.319588Z","level":"info","event":"================================================================================","logger":"task.stdout"}
{"timestamp":"2026-09-09T23:19:52.319847Z","level":"info","event":"olist_customers_dataset.csv                        99,441 rows  (removed: 0)","logger":"task.stdout"}
{"timestamp":"2026-09-09T23:19:52.320140Z","level":"info","event":"olist_geolocation_dataset.csv                     738,332 rows  (removed: 261831)","logger":"task.stdout"}
{"timestamp":"2026-09-09T23:19:52.320424Z","level":"info","event":"olist_order_items_dataset.csv                     112,650 rows  (removed: 0)","logger":"task.stdout"}
{"timestamp":"2026-09-09T23:19:52.320755Z","level":"info","event":"olist_order_payments_dataset.csv                  103,886 rows  (removed: 0)","logger":"task.stdout"}
{"timestamp":"2026-09-09T23:19:52.321039Z","level":"info","event":"olist_order_reviews_dataset.csv                    99,224 rows  (removed: 0)","logger":"task.stdout"}
{"timestamp":"2026-09-09T23:19:52.321336Z","level":"info","event":"olist_orders_dataset.csv                           99,441 rows  (removed: 0)","logger":"task.stdout"}
{"timestamp":"2026-09-09T23:19:52.321651Z","level":"info","event":"olist_products_dataset.csv                         32,951 rows  (removed: 0)","logger":"task.stdout"}
{"timestamp":"2026-09-09T23:19:52.321906Z","level":"info","event":"olist_sellers_dataset.csv                           3,095 rows  (removed: 0)","logger":"task.stdout"}
{"timestamp":"2026-09-09T23:19:52.322079Z","level":"info","event":"product_category_name_translation.csv                  71 rows  (removed: 0)","logger":"task.stdout"}
{"timestamp":"2026-09-09T23:19:52.322261Z","level":"info","event":"","logger":"task.stdout"}
{"timestamp":"2026-09-09T23:19:52.322739Z","level":"info","event":"================================================================================","logger":"task.stdout"}
{"timestamp":"2026-09-09T23:19:52.323743Z","level":"info","event":"RAW DATA INTEGRITY CHECK","logger":"task.stdout"}
{"timestamp":"2026-09-09T23:19:52.324048Z","level":"info","event":"================================================================================","logger":"task.stdout"}
{"timestamp":"2026-09-09T23:19:52.324331Z","level":"info","event":"olist_customers_dataset.csv                  OK","logger":"task.stdout"}
{"timestamp":"2026-09-09T23:19:52.324682Z","level":"info","event":"olist_geolocation_dataset.csv                OK","logger":"task.stdout"}
{"timestamp":"2026-09-09T23:19:52.324982Z","level":"info","event":"olist_order_items_dataset.csv                OK","logger":"task.stdout"}
{"timestamp":"2026-09-09T23:19:52.325272Z","level":"info","event":"olist_order_payments_dataset.csv             OK","logger":"task.stdout"}
{"timestamp":"2026-09-09T23:19:52.325578Z","level":"info","event":"olist_order_reviews_dataset.csv              OK","logger":"task.stdout"}
{"timestamp":"2026-09-09T23:19:52.325863Z","level":"info","event":"olist_orders_dataset.csv                     OK","logger":"task.stdout"}
{"timestamp":"2026-09-09T23:19:52.326158Z","level":"info","event":"olist_products_dataset.csv                   OK","logger":"task.stdout"}
{"timestamp":"2026-09-09T23:19:52.326464Z","level":"info","event":"olist_sellers_dataset.csv                    OK","logger":"task.stdout"}
{"timestamp":"2026-09-09T23:19:52.326750Z","level":"info","event":"product_category_name_translation.csv        OK","logger":"task.stdout"}
{"timestamp":"2026-09-09T23:19:52.327035Z","level":"info","event":"","logger":"task.stdout"}
{"timestamp":"2026-09-09T23:19:52.310908Z","level":"info","event":"Done. Returned value was: None","run_id":"manual__2026-09-09T23:19:21.524786+00:00","ti_id":"01a08878-02d2-7612-b910-309fa5221e5d","try_number":1,"dag_id":"olist_ecommerce_pipeline","task_id":"build_staging","map_index":-1,"logger":"airflow.task.operators.airflow.providers.standard.decorators.python._PythonDecoratedOperator","filename":"python.py","lineno":233}
{"timestamp":"2026-09-09T23:19:52.311052Z","level":"info","event":"::group::Post Execute","run_id":"manual__2026-09-09T23:19:21.524786+00:00","ti_id":"01a08878-02d2-7612-b910-309fa5221e5d","try_number":1,"dag_id":"olist_ecommerce_pipeline","task_id":"build_staging","map_index":-1,"logger":"task","filename":"task_runner.py","lineno":1580}
{"timestamp":"2026-09-09T23:19:52.346199Z","level":"info","event":"Task instance in success state","logger":"task.stdout"}
{"timestamp":"2026-09-09T23:19:52.346511Z","level":"info","event":" Previous state of the Task instance: TaskInstanceState.RUNNING","logger":"task.stdout"}
{"timestamp":"2026-09-09T23:19:52.347305Z","level":"info","event":"Task operator:<Task(_PythonDecoratedOperator): build_staging>","logger":"task.stdout"}
{"timestamp":"2026-09-09T23:19:52.345490Z","level":"info","event":"::endgroup::","run_id":"manual__2026-09-09T23:19:21.524786+00:00","ti_id":"01a08878-02d2-7612-b910-309fa5221e5d","try_number":1,"dag_id":"olist_ecommerce_pipeline","task_id":"build_staging","map_index":-1,"logger":"task","filename":"task_runner.py","lineno":2379}
