{"timestamp":"2026-09-09T23:12:31.532698Z","level":"info","event":"::group::Pre Execute","logger":"task","filename":"task_runner.py","lineno":2412}
{"timestamp":"2026-09-09T23:12:32.099601Z","level":"info","event":"DAG bundles loaded: dags-folder, example_dags, apache-airflow-providers-common-sql-example-dags, apache-airflow-providers-standard-example-dags","try_number":1,"dag_id":"olist_ecommerce_pipeline","run_id":"manual__2026-09-09T22:38:36.282237+00:00","ti_id":"01a08852-b31c-7139-89de-ff2758fdeaa5","map_index":-1,"task_id":"build_database","logger":"airflow.dag_processing.bundles.manager.DagBundlesManager","filename":"manager.py","lineno":304}
{"timestamp":"2026-09-09T23:12:32.100433Z","level":"info","event":"Filling up the DagBag from /workspaces/olist-ecommerce-pipeline/airflow/dags/olist_pipeline_dag.py","try_number":1,"dag_id":"olist_ecommerce_pipeline","run_id":"manual__2026-09-09T22:38:36.282237+00:00","ti_id":"01a08852-b31c-7139-89de-ff2758fdeaa5","map_index":-1,"task_id":"build_database","logger":"airflow.dag_processing.dagbag.BundleDagBag","filename":"dagbag.py","lineno":460}
{"timestamp":"2026-09-09T23:12:32.143471Z","level":"info","event":"Worker startup parse complete","bundle_name":"dags-folder","bundle_version":null,"dag_file":"olist_pipeline_dag.py","dag_id":"olist_ecommerce_pipeline","bundle_prepare_ms":1,"dag_file_parse_ms":43,"try_number":1,"run_id":"manual__2026-09-09T22:38:36.282237+00:00","ti_id":"01a08852-b31c-7139-89de-ff2758fdeaa5","map_index":-1,"task_id":"build_database","logger":"task","filename":"task_runner.py","lineno":1073}
{"timestamp":"2026-09-09T23:12:32.164513Z","level":"info","event":"Task instance is in running state","logger":"task.stdout"}
{"timestamp":"2026-09-09T23:12:32.164909Z","level":"info","event":" Previous state of the Task instance: TaskInstanceState.QUEUED","logger":"task.stdout"}
{"timestamp":"2026-09-09T23:12:32.165195Z","level":"info","event":"Current task name:build_database","logger":"task.stdout"}
{"timestamp":"2026-09-09T23:12:32.165424Z","level":"info","event":"Dag name:olist_ecommerce_pipeline","logger":"task.stdout"}
{"timestamp":"2026-09-09T23:12:32.164820Z","level":"info","event":"::endgroup::","try_number":1,"dag_id":"olist_ecommerce_pipeline","run_id":"manual__2026-09-09T22:38:36.282237+00:00","ti_id":"01a08852-b31c-7139-89de-ff2758fdeaa5","map_index":-1,"task_id":"build_database","logger":"task","filename":"task_runner.py","lineno":2232}
{"timestamp":"2026-09-09T23:14:04.422634Z","level":"info","event":"================================================================================","logger":"task.stdout"}
{"timestamp":"2026-09-09T23:14:04.427028Z","level":"info","event":"CREATING SCHEMA","logger":"task.stdout"}
{"timestamp":"2026-09-09T23:14:04.427309Z","level":"info","event":"================================================================================","logger":"task.stdout"}
{"timestamp":"2026-09-09T23:14:04.429721Z","level":"info","event":"Database ready at: /workspaces/olist-ecommerce-pipeline/database/olist.db","logger":"task.stdout"}
{"timestamp":"2026-09-09T23:14:04.430113Z","level":"info","event":"","logger":"task.stdout"}
{"timestamp":"2026-09-09T23:14:04.431251Z","level":"info","event":"================================================================================","logger":"task.stdout"}
{"timestamp":"2026-09-09T23:14:04.431924Z","level":"info","event":"LOADING STAGING DATA","logger":"task.stdout"}
{"timestamp":"2026-09-09T23:14:04.432139Z","level":"info","event":"================================================================================","logger":"task.stdout"}
{"timestamp":"2026-09-09T23:14:04.432333Z","level":"info","event":"customers                      99,441 rows loaded","logger":"task.stdout"}
{"timestamp":"2026-09-09T23:14:04.433680Z","level":"info","event":"products                       32,951 rows loaded","logger":"task.stdout"}
{"timestamp":"2026-09-09T23:14:04.434655Z","level":"info","event":"sellers                         3,095 rows loaded","logger":"task.stdout"}
{"timestamp":"2026-09-09T23:14:04.435500Z","level":"info","event":"category_translation               71 rows loaded","logger":"task.stdout"}
{"timestamp":"2026-09-09T23:14:04.436688Z","level":"info","event":"geolocation                   738,332 rows loaded","logger":"task.stdout"}
{"timestamp":"2026-09-09T23:14:04.436949Z","level":"info","event":"orders                         99,441 rows loaded","logger":"task.stdout"}
{"timestamp":"2026-09-09T23:14:04.437761Z","level":"info","event":"order_items                   112,650 rows loaded","logger":"task.stdout"}
{"timestamp":"2026-09-09T23:14:04.439583Z","level":"info","event":"payments                      103,886 rows loaded","logger":"task.stdout"}
{"timestamp":"2026-09-09T23:14:04.439962Z","level":"info","event":"reviews                        99,224 rows loaded","logger":"task.stdout"}
{"timestamp":"2026-09-09T23:14:04.440126Z","level":"info","event":"","logger":"task.stdout"}
{"timestamp":"2026-09-09T23:14:04.440281Z","level":"info","event":"================================================================================","logger":"task.stdout"}
{"timestamp":"2026-09-09T23:14:04.440434Z","level":"info","event":"ROW-COUNT RECONCILIATION (RAW -> STAGING -> SQLITE)","logger":"task.stdout"}
{"timestamp":"2026-09-09T23:14:04.440637Z","level":"info","event":"================================================================================","logger":"task.stdout"}
{"timestamp":"2026-09-09T23:14:04.440790Z","level":"info","event":"customers              raw=   99,441  staging=   99,441  sqlite=   99,441  [OK]","logger":"task.stdout"}
{"timestamp":"2026-09-09T23:14:04.442850Z","level":"info","event":"geolocation            raw=1,000,163  staging=  738,332  sqlite=  738,332  [OK]","logger":"task.stdout"}
{"timestamp":"2026-09-09T23:14:04.443600Z","level":"info","event":"orders                 raw=   99,441  staging=   99,441  sqlite=   99,441  [OK]","logger":"task.stdout"}
{"timestamp":"2026-09-09T23:14:04.443838Z","level":"info","event":"order_items            raw=  112,650  staging=  112,650  sqlite=  112,650  [OK]","logger":"task.stdout"}
{"timestamp":"2026-09-09T23:14:04.444079Z","level":"info","event":"payments               raw=  103,886  staging=  103,886  sqlite=  103,886  [OK]","logger":"task.stdout"}
{"timestamp":"2026-09-09T23:14:04.444312Z","level":"info","event":"reviews                raw=   99,224  staging=   99,224  sqlite=   99,224  [OK]","logger":"task.stdout"}
{"timestamp":"2026-09-09T23:14:04.444581Z","level":"info","event":"products               raw=   32,951  staging=   32,951  sqlite=   32,951  [OK]","logger":"task.stdout"}
{"timestamp":"2026-09-09T23:14:04.444774Z","level":"info","event":"sellers                raw=    3,095  staging=    3,095  sqlite=    3,095  [OK]","logger":"task.stdout"}
{"timestamp":"2026-09-09T23:14:04.444936Z","level":"info","event":"category_translation   raw=       71  staging=       71  sqlite=       71  [OK]","logger":"task.stdout"}
{"timestamp":"2026-09-09T23:14:04.445102Z","level":"info","event":"","logger":"task.stdout"}
{"timestamp":"2026-09-09T23:14:04.445279Z","level":"info","event":"================================================================================","logger":"task.stdout"}
{"timestamp":"2026-09-09T23:14:04.445527Z","level":"info","event":"PRIMARY-KEY INTEGRITY","logger":"task.stdout"}
{"timestamp":"2026-09-09T23:14:04.445725Z","level":"info","event":"================================================================================","logger":"task.stdout"}
{"timestamp":"2026-09-09T23:14:04.445902Z","level":"info","event":"customers             VALID             (total=99,441, distinct=99,441)","logger":"task.stdout"}
{"timestamp":"2026-09-09T23:14:04.446073Z","level":"info","event":"orders                VALID             (total=99,441, distinct=99,441)","logger":"task.stdout"}
{"timestamp":"2026-09-09T23:14:04.446252Z","level":"info","event":"products              VALID             (total=32,951, distinct=32,951)","logger":"task.stdout"}
{"timestamp":"2026-09-09T23:14:04.446420Z","level":"info","event":"sellers               VALID             (total=3,095, distinct=3,095)","logger":"task.stdout"}
{"timestamp":"2026-09-09T23:14:04.446662Z","level":"info","event":"category_translation  VALID             (total=71, distinct=71)","logger":"task.stdout"}
{"timestamp":"2026-09-09T23:14:04.446862Z","level":"info","event":"order_items           VALID             (total=112,650, distinct=112,650)","logger":"task.stdout"}
{"timestamp":"2026-09-09T23:14:04.447107Z","level":"info","event":"payments              VALID             (total=103,886, distinct=103,886)","logger":"task.stdout"}
{"timestamp":"2026-09-09T23:14:04.447307Z","level":"info","event":"reviews               VALID             (total=99,224, distinct=99,224)","logger":"task.stdout"}
{"timestamp":"2026-09-09T23:14:04.447551Z","level":"info","event":"","logger":"task.stdout"}
{"timestamp":"2026-09-09T23:14:04.447780Z","level":"info","event":"================================================================================","logger":"task.stdout"}
{"timestamp":"2026-09-09T23:14:04.447984Z","level":"info","event":"FOREIGN-KEY INTEGRITY","logger":"task.stdout"}
{"timestamp":"2026-09-09T23:14:04.448197Z","level":"info","event":"================================================================================","logger":"task.stdout"}
{"timestamp":"2026-09-09T23:14:04.448358Z","level":"info","event":"orders.customer_id          -> customers.customer_id          [VALID] orphans=0","logger":"task.stdout"}
{"timestamp":"2026-09-09T23:14:04.448590Z","level":"info","event":"order_items.order_id             -> orders.order_id             [VALID] orphans=0","logger":"task.stdout"}
{"timestamp":"2026-09-09T23:14:04.448805Z","level":"info","event":"order_items.product_id           -> products.product_id           [VALID] orphans=0","logger":"task.stdout"}
{"timestamp":"2026-09-09T23:14:04.449026Z","level":"info","event":"order_items.seller_id            -> sellers.seller_id            [VALID] orphans=0","logger":"task.stdout"}
{"timestamp":"2026-09-09T23:14:04.449226Z","level":"info","event":"payments.order_id             -> orders.order_id             [VALID] orphans=0","logger":"task.stdout"}
{"timestamp":"2026-09-09T23:14:04.449399Z","level":"info","event":"reviews.order_id             -> orders.order_id             [VALID] orphans=0","logger":"task.stdout"}
{"timestamp":"2026-09-09T23:14:04.449745Z","level":"info","event":"","logger":"task.stdout"}
{"timestamp":"2026-09-09T23:14:04.449984Z","level":"info","event":"SQLite native foreign_key_check violations: 0","logger":"task.stdout"}
{"timestamp":"2026-09-09T23:14:04.450228Z","level":"info","event":"","logger":"task.stdout"}
{"timestamp":"2026-09-09T23:14:04.450495Z","level":"info","event":"================================================================================","logger":"task.stdout"}
{"timestamp":"2026-09-09T23:14:04.450739Z","level":"info","event":"CREATING INDEXES","logger":"task.stdout"}
{"timestamp":"2026-09-09T23:14:04.450980Z","level":"info","event":"================================================================================","logger":"task.stdout"}
{"timestamp":"2026-09-09T23:14:04.451224Z","level":"info","event":"Indexes created/verified: 12","logger":"task.stdout"}
{"timestamp":"2026-09-09T23:14:04.451492Z","level":"info","event":"","logger":"task.stdout"}
{"timestamp":"2026-09-09T23:14:04.451740Z","level":"info","event":"================================================================================","logger":"task.stdout"}
{"timestamp":"2026-09-09T23:14:04.451922Z","level":"info","event":"DATABASE BUILD COMPLETE","logger":"task.stdout"}
{"timestamp":"2026-09-09T23:14:04.452097Z","level":"info","event":"================================================================================","logger":"task.stdout"}
{"timestamp":"2026-09-09T23:14:04.452271Z","level":"info","event":"","logger":"task.stdout"}
{"timestamp":"2026-09-09T23:14:04.422705Z","level":"info","event":"Done. Returned value was: None","try_number":1,"dag_id":"olist_ecommerce_pipeline","run_id":"manual__2026-09-09T22:38:36.282237+00:00","ti_id":"01a08852-b31c-7139-89de-ff2758fdeaa5","map_index":-1,"task_id":"build_database","logger":"airflow.task.operators.airflow.providers.standard.decorators.python._PythonDecoratedOperator","filename":"python.py","lineno":233}
{"timestamp":"2026-09-09T23:14:04.422889Z","level":"info","event":"::group::Post Execute","try_number":1,"dag_id":"olist_ecommerce_pipeline","run_id":"manual__2026-09-09T22:38:36.282237+00:00","ti_id":"01a08852-b31c-7139-89de-ff2758fdeaa5","map_index":-1,"task_id":"build_database","logger":"task","filename":"task_runner.py","lineno":1580}
{"timestamp":"2026-09-09T23:14:04.468518Z","level":"info","event":"Task instance in success state","logger":"task.stdout"}
{"timestamp":"2026-09-09T23:14:04.468774Z","level":"info","event":" Previous state of the Task instance: TaskInstanceState.RUNNING","logger":"task.stdout"}
{"timestamp":"2026-09-09T23:14:04.468992Z","level":"info","event":"Task operator:<Task(_PythonDecoratedOperator): build_database>","logger":"task.stdout"}
{"timestamp":"2026-09-09T23:14:04.468095Z","level":"info","event":"::endgroup::","try_number":1,"dag_id":"olist_ecommerce_pipeline","run_id":"manual__2026-09-09T22:38:36.282237+00:00","ti_id":"01a08852-b31c-7139-89de-ff2758fdeaa5","map_index":-1,"task_id":"build_database","logger":"task","filename":"task_runner.py","lineno":2379}
