{"timestamp":"2026-09-09T23:19:52.652198Z","level":"info","event":"::group::Pre Execute","logger":"task","filename":"task_runner.py","lineno":2412}
{"timestamp":"2026-09-09T23:19:52.836152Z","level":"info","event":"DAG bundles loaded: dags-folder, example_dags, apache-airflow-providers-common-sql-example-dags, apache-airflow-providers-standard-example-dags","dag_id":"olist_ecommerce_pipeline","try_number":1,"ti_id":"01a08878-02d3-708c-aae9-a62dbc2429eb","map_index":-1,"run_id":"manual__2026-09-09T23:19:21.524786+00:00","task_id":"build_database","logger":"airflow.dag_processing.bundles.manager.DagBundlesManager","filename":"manager.py","lineno":304}
{"timestamp":"2026-09-09T23:19:52.836912Z","level":"info","event":"Filling up the DagBag from /workspaces/olist-ecommerce-pipeline/airflow/dags/olist_pipeline_dag.py","dag_id":"olist_ecommerce_pipeline","try_number":1,"ti_id":"01a08878-02d3-708c-aae9-a62dbc2429eb","map_index":-1,"run_id":"manual__2026-09-09T23:19:21.524786+00:00","task_id":"build_database","logger":"airflow.dag_processing.dagbag.BundleDagBag","filename":"dagbag.py","lineno":460}
{"timestamp":"2026-09-09T23:19:52.887134Z","level":"info","event":"Worker startup parse complete","bundle_name":"dags-folder","bundle_version":null,"dag_file":"olist_pipeline_dag.py","dag_id":"olist_ecommerce_pipeline","bundle_prepare_ms":1,"dag_file_parse_ms":50,"try_number":1,"ti_id":"01a08878-02d3-708c-aae9-a62dbc2429eb","map_index":-1,"run_id":"manual__2026-09-09T23:19:21.524786+00:00","task_id":"build_database","logger":"task","filename":"task_runner.py","lineno":1073}
{"timestamp":"2026-09-09T23:19:52.907763Z","level":"info","event":"Task instance is in running state","logger":"task.stdout"}
{"timestamp":"2026-09-09T23:19:52.908186Z","level":"info","event":" Previous state of the Task instance: TaskInstanceState.QUEUED","logger":"task.stdout"}
{"timestamp":"2026-09-09T23:19:52.908557Z","level":"info","event":"Current task name:build_database","logger":"task.stdout"}
{"timestamp":"2026-09-09T23:19:52.908851Z","level":"info","event":"Dag name:olist_ecommerce_pipeline","logger":"task.stdout"}
{"timestamp":"2026-09-09T23:19:52.907830Z","level":"info","event":"::endgroup::","dag_id":"olist_ecommerce_pipeline","try_number":1,"ti_id":"01a08878-02d3-708c-aae9-a62dbc2429eb","map_index":-1,"run_id":"manual__2026-09-09T23:19:21.524786+00:00","task_id":"build_database","logger":"task","filename":"task_runner.py","lineno":2232}
{"timestamp":"2026-09-09T23:23:27.649412Z","level":"info","event":"================================================================================","logger":"task.stdout"}
{"timestamp":"2026-09-09T23:23:27.651762Z","level":"info","event":"CREATING SCHEMA","logger":"task.stdout"}
{"timestamp":"2026-09-09T23:23:27.652032Z","level":"info","event":"================================================================================","logger":"task.stdout"}
{"timestamp":"2026-09-09T23:23:27.652264Z","level":"info","event":"Database ready at: /workspaces/olist-ecommerce-pipeline/database/olist.db","logger":"task.stdout"}
{"timestamp":"2026-09-09T23:23:27.652492Z","level":"info","event":"","logger":"task.stdout"}
{"timestamp":"2026-09-09T23:23:27.652737Z","level":"info","event":"================================================================================","logger":"task.stdout"}
{"timestamp":"2026-09-09T23:23:27.652985Z","level":"info","event":"LOADING STAGING DATA","logger":"task.stdout"}
{"timestamp":"2026-09-09T23:23:27.653237Z","level":"info","event":"================================================================================","logger":"task.stdout"}
{"timestamp":"2026-09-09T23:23:27.653513Z","level":"info","event":"customers                      99,441 rows loaded","logger":"task.stdout"}
{"timestamp":"2026-09-09T23:23:27.653779Z","level":"info","event":"products                       32,951 rows loaded","logger":"task.stdout"}
{"timestamp":"2026-09-09T23:23:27.654034Z","level":"info","event":"sellers                         3,095 rows loaded","logger":"task.stdout"}
{"timestamp":"2026-09-09T23:23:27.654281Z","level":"info","event":"category_translation               71 rows loaded","logger":"task.stdout"}
{"timestamp":"2026-09-09T23:23:27.654573Z","level":"info","event":"geolocation                   738,332 rows loaded","logger":"task.stdout"}
{"timestamp":"2026-09-09T23:23:27.654811Z","level":"info","event":"orders                         99,441 rows loaded","logger":"task.stdout"}
{"timestamp":"2026-09-09T23:23:27.655030Z","level":"info","event":"order_items                   112,650 rows loaded","logger":"task.stdout"}
{"timestamp":"2026-09-09T23:23:27.655273Z","level":"info","event":"payments                      103,886 rows loaded","logger":"task.stdout"}
{"timestamp":"2026-09-09T23:23:27.655547Z","level":"info","event":"reviews                        99,224 rows loaded","logger":"task.stdout"}
{"timestamp":"2026-09-09T23:23:27.655800Z","level":"info","event":"","logger":"task.stdout"}
{"timestamp":"2026-09-09T23:23:27.656041Z","level":"info","event":"================================================================================","logger":"task.stdout"}
{"timestamp":"2026-09-09T23:23:27.656246Z","level":"info","event":"ROW-COUNT RECONCILIATION (RAW -> STAGING -> SQLITE)","logger":"task.stdout"}
{"timestamp":"2026-09-09T23:23:27.656559Z","level":"info","event":"================================================================================","logger":"task.stdout"}
{"timestamp":"2026-09-09T23:23:27.656805Z","level":"info","event":"customers              raw=   99,441  staging=   99,441  sqlite=   99,441  [OK]","logger":"task.stdout"}
{"timestamp":"2026-09-09T23:23:27.657010Z","level":"info","event":"geolocation            raw=1,000,163  staging=  738,332  sqlite=  738,332  [OK]","logger":"task.stdout"}
{"timestamp":"2026-09-09T23:23:27.657267Z","level":"info","event":"orders                 raw=   99,441  staging=   99,441  sqlite=   99,441  [OK]","logger":"task.stdout"}
{"timestamp":"2026-09-09T23:23:27.657529Z","level":"info","event":"order_items            raw=  112,650  staging=  112,650  sqlite=  112,650  [OK]","logger":"task.stdout"}
{"timestamp":"2026-09-09T23:23:27.657740Z","level":"info","event":"payments               raw=  103,886  staging=  103,886  sqlite=  103,886  [OK]","logger":"task.stdout"}
{"timestamp":"2026-09-09T23:23:27.658000Z","level":"info","event":"reviews                raw=   99,224  staging=   99,224  sqlite=   99,224  [OK]","logger":"task.stdout"}
{"timestamp":"2026-09-09T23:23:27.658242Z","level":"info","event":"products               raw=   32,951  staging=   32,951  sqlite=   32,951  [OK]","logger":"task.stdout"}
{"timestamp":"2026-09-09T23:23:27.658488Z","level":"info","event":"sellers                raw=    3,095  staging=    3,095  sqlite=    3,095  [OK]","logger":"task.stdout"}
{"timestamp":"2026-09-09T23:23:27.658745Z","level":"info","event":"category_translation   raw=       71  staging=       71  sqlite=       71  [OK]","logger":"task.stdout"}
{"timestamp":"2026-09-09T23:23:27.658997Z","level":"info","event":"","logger":"task.stdout"}
{"timestamp":"2026-09-09T23:23:27.659227Z","level":"info","event":"================================================================================","logger":"task.stdout"}
{"timestamp":"2026-09-09T23:23:27.659472Z","level":"info","event":"PRIMARY-KEY INTEGRITY","logger":"task.stdout"}
{"timestamp":"2026-09-09T23:23:27.659735Z","level":"info","event":"================================================================================","logger":"task.stdout"}
{"timestamp":"2026-09-09T23:23:27.659973Z","level":"info","event":"customers             VALID             (total=99,441, distinct=99,441)","logger":"task.stdout"}
{"timestamp":"2026-09-09T23:23:27.660206Z","level":"info","event":"orders                VALID             (total=99,441, distinct=99,441)","logger":"task.stdout"}
{"timestamp":"2026-09-09T23:23:27.660415Z","level":"info","event":"products              VALID             (total=32,951, distinct=32,951)","logger":"task.stdout"}
{"timestamp":"2026-09-09T23:23:27.660722Z","level":"info","event":"sellers               VALID             (total=3,095, distinct=3,095)","logger":"task.stdout"}
{"timestamp":"2026-09-09T23:23:27.660978Z","level":"info","event":"category_translation  VALID             (total=71, distinct=71)","logger":"task.stdout"}
{"timestamp":"2026-09-09T23:23:27.661217Z","level":"info","event":"order_items           VALID             (total=112,650, distinct=112,650)","logger":"task.stdout"}
{"timestamp":"2026-09-09T23:23:27.661483Z","level":"info","event":"payments              VALID             (total=103,886, distinct=103,886)","logger":"task.stdout"}
{"timestamp":"2026-09-09T23:23:27.661686Z","level":"info","event":"reviews               VALID             (total=99,224, distinct=99,224)","logger":"task.stdout"}
{"timestamp":"2026-09-09T23:23:27.661876Z","level":"info","event":"","logger":"task.stdout"}
{"timestamp":"2026-09-09T23:23:27.662066Z","level":"info","event":"================================================================================","logger":"task.stdout"}
{"timestamp":"2026-09-09T23:23:27.662247Z","level":"info","event":"FOREIGN-KEY INTEGRITY","logger":"task.stdout"}
{"timestamp":"2026-09-09T23:23:27.662458Z","level":"info","event":"================================================================================","logger":"task.stdout"}
{"timestamp":"2026-09-09T23:23:27.662655Z","level":"info","event":"orders.customer_id          -> customers.customer_id          [VALID] orphans=0","logger":"task.stdout"}
{"timestamp":"2026-09-09T23:23:27.662813Z","level":"info","event":"order_items.order_id             -> orders.order_id             [VALID] orphans=0","logger":"task.stdout"}
{"timestamp":"2026-09-09T23:23:27.662975Z","level":"info","event":"order_items.product_id           -> products.product_id           [VALID] orphans=0","logger":"task.stdout"}
{"timestamp":"2026-09-09T23:23:27.663115Z","level":"info","event":"order_items.seller_id            -> sellers.seller_id            [VALID] orphans=0","logger":"task.stdout"}
{"timestamp":"2026-09-09T23:23:27.663256Z","level":"info","event":"payments.order_id             -> orders.order_id             [VALID] orphans=0","logger":"task.stdout"}
{"timestamp":"2026-09-09T23:23:27.663394Z","level":"info","event":"reviews.order_id             -> orders.order_id             [VALID] orphans=0","logger":"task.stdout"}
{"timestamp":"2026-09-09T23:23:27.663574Z","level":"info","event":"","logger":"task.stdout"}
{"timestamp":"2026-09-09T23:23:27.663716Z","level":"info","event":"SQLite native foreign_key_check violations: 0","logger":"task.stdout"}
{"timestamp":"2026-09-09T23:23:27.663858Z","level":"info","event":"","logger":"task.stdout"}
{"timestamp":"2026-09-09T23:23:27.663998Z","level":"info","event":"================================================================================","logger":"task.stdout"}
{"timestamp":"2026-09-09T23:23:27.664139Z","level":"info","event":"CREATING INDEXES","logger":"task.stdout"}
{"timestamp":"2026-09-09T23:23:27.664277Z","level":"info","event":"================================================================================","logger":"task.stdout"}
{"timestamp":"2026-09-09T23:23:27.664416Z","level":"info","event":"Indexes created/verified: 12","logger":"task.stdout"}
{"timestamp":"2026-09-09T23:23:27.664616Z","level":"info","event":"","logger":"task.stdout"}
{"timestamp":"2026-09-09T23:23:27.664757Z","level":"info","event":"================================================================================","logger":"task.stdout"}
{"timestamp":"2026-09-09T23:23:27.664914Z","level":"info","event":"DATABASE BUILD COMPLETE","logger":"task.stdout"}
{"timestamp":"2026-09-09T23:23:27.665056Z","level":"info","event":"================================================================================","logger":"task.stdout"}
{"timestamp":"2026-09-09T23:23:27.665270Z","level":"info","event":"","logger":"task.stdout"}
{"timestamp":"2026-09-09T23:23:27.649797Z","level":"info","event":"Done. Returned value was: None","dag_id":"olist_ecommerce_pipeline","try_number":1,"ti_id":"01a08878-02d3-708c-aae9-a62dbc2429eb","map_index":-1,"run_id":"manual__2026-09-09T23:19:21.524786+00:00","task_id":"build_database","logger":"airflow.task.operators.airflow.providers.standard.decorators.python._PythonDecoratedOperator","filename":"python.py","lineno":233}
{"timestamp":"2026-09-09T23:23:27.649975Z","level":"info","event":"::group::Post Execute","dag_id":"olist_ecommerce_pipeline","try_number":1,"ti_id":"01a08878-02d3-708c-aae9-a62dbc2429eb","map_index":-1,"run_id":"manual__2026-09-09T23:19:21.524786+00:00","task_id":"build_database","logger":"task","filename":"task_runner.py","lineno":1580}
{"timestamp":"2026-09-09T23:23:27.698342Z","level":"info","event":"Task instance in success state","logger":"task.stdout"}
{"timestamp":"2026-09-09T23:23:27.698612Z","level":"info","event":" Previous state of the Task instance: TaskInstanceState.RUNNING","logger":"task.stdout"}
{"timestamp":"2026-09-09T23:23:27.698825Z","level":"info","event":"Task operator:<Task(_PythonDecoratedOperator): build_database>","logger":"task.stdout"}
{"timestamp":"2026-09-09T23:23:27.698756Z","level":"info","event":"::endgroup::","dag_id":"olist_ecommerce_pipeline","try_number":1,"ti_id":"01a08878-02d3-708c-aae9-a62dbc2429eb","map_index":-1,"run_id":"manual__2026-09-09T23:19:21.524786+00:00","task_id":"build_database","logger":"task","filename":"task_runner.py","lineno":2379}
