{"timestamp":"2026-09-09T20:29:59.225043Z","level":"info","event":"::group::Pre Execute","logger":"task","filename":"task_runner.py","lineno":2412}
{"timestamp":"2026-09-09T20:30:03.216943Z","level":"info","event":"DAG bundles loaded: dags-folder, example_dags, apache-airflow-providers-common-sql-example-dags, apache-airflow-providers-standard-example-dags","map_index":-1,"try_number":1,"dag_id":"olist_ecommerce_pipeline","task_id":"ingest","run_id":"manual__2026-09-09T20:29:57.417753+00:00","ti_id":"01a087dc-eb51-7d68-bace-03a31238d1fd","logger":"airflow.dag_processing.bundles.manager.DagBundlesManager","filename":"manager.py","lineno":304}
{"timestamp":"2026-09-09T20:30:03.217722Z","level":"info","event":"Filling up the DagBag from /workspaces/olist-ecommerce-pipeline/airflow/dags/olist_pipeline_dag.py","map_index":-1,"try_number":1,"dag_id":"olist_ecommerce_pipeline","task_id":"ingest","run_id":"manual__2026-09-09T20:29:57.417753+00:00","ti_id":"01a087dc-eb51-7d68-bace-03a31238d1fd","logger":"airflow.dag_processing.dagbag.BundleDagBag","filename":"dagbag.py","lineno":460}
{"timestamp":"2026-09-09T20:30:03.266146Z","level":"info","event":"Worker startup parse complete","bundle_name":"dags-folder","bundle_version":null,"dag_file":"olist_pipeline_dag.py","dag_id":"olist_ecommerce_pipeline","bundle_prepare_ms":1,"dag_file_parse_ms":48,"map_index":-1,"try_number":1,"task_id":"ingest","run_id":"manual__2026-09-09T20:29:57.417753+00:00","ti_id":"01a087dc-eb51-7d68-bace-03a31238d1fd","logger":"task","filename":"task_runner.py","lineno":1073}
{"timestamp":"2026-09-09T20:30:03.295685Z","level":"info","event":"Task instance is in running state","logger":"task.stdout"}
{"timestamp":"2026-09-09T20:30:03.295942Z","level":"info","event":" Previous state of the Task instance: TaskInstanceState.QUEUED","logger":"task.stdout"}
{"timestamp":"2026-09-09T20:30:03.296104Z","level":"info","event":"Current task name:ingest","logger":"task.stdout"}
{"timestamp":"2026-09-09T20:30:03.296251Z","level":"info","event":"Dag name:olist_ecommerce_pipeline","logger":"task.stdout"}
{"timestamp":"2026-09-09T20:30:03.293937Z","level":"info","event":"::endgroup::","map_index":-1,"try_number":1,"dag_id":"olist_ecommerce_pipeline","task_id":"ingest","run_id":"manual__2026-09-09T20:29:57.417753+00:00","ti_id":"01a087dc-eb51-7d68-bace-03a31238d1fd","logger":"task","filename":"task_runner.py","lineno":2232}
{"timestamp":"2026-09-09T20:30:10.747217Z","level":"info","event":"Using existing Kaggle credentials from environment variables.","logger":"task.stdout"}
{"timestamp":"2026-09-09T20:30:10.747491Z","level":"info","event":"======================================================================","logger":"task.stdout"}
{"timestamp":"2026-09-09T20:30:10.747810Z","level":"info","event":"Downloading olistbr/brazilian-ecommerce to /workspaces/olist-ecommerce-pipeline/data/raw","logger":"task.stdout"}
{"timestamp":"2026-09-09T20:30:10.748042Z","level":"info","event":"======================================================================","logger":"task.stdout"}
{"timestamp":"2026-09-09T20:30:10.748226Z","level":"info","event":"Dataset URL: https://www.kaggle.com/datasets/olistbr/brazilian-ecommerce","logger":"task.stdout"}
{"timestamp":"2026-09-09T20:30:10.748399Z","level":"info","event":"======================================================================","logger":"task.stdout"}
{"timestamp":"2026-09-09T20:30:10.748570Z","level":"info","event":"DOWNLOAD COMPLETE — files in data/raw:","logger":"task.stdout"}
{"timestamp":"2026-09-09T20:30:10.748807Z","level":"info","event":"======================================================================","logger":"task.stdout"}
{"timestamp":"2026-09-09T20:30:10.748950Z","level":"info","event":"  olist_customers_dataset.csv                  8.62 MB","logger":"task.stdout"}
{"timestamp":"2026-09-09T20:30:10.749093Z","level":"info","event":"  olist_geolocation_dataset.csv               58.44 MB","logger":"task.stdout"}
{"timestamp":"2026-09-09T20:30:10.749221Z","level":"info","event":"  olist_order_items_dataset.csv               14.72 MB","logger":"task.stdout"}
{"timestamp":"2026-09-09T20:30:10.749373Z","level":"info","event":"  olist_order_payments_dataset.csv             5.51 MB","logger":"task.stdout"}
{"timestamp":"2026-09-09T20:30:10.749496Z","level":"info","event":"  olist_order_reviews_dataset.csv             13.78 MB","logger":"task.stdout"}
{"timestamp":"2026-09-09T20:30:10.749687Z","level":"info","event":"  olist_orders_dataset.csv                    16.84 MB","logger":"task.stdout"}
{"timestamp":"2026-09-09T20:30:10.749863Z","level":"info","event":"  olist_products_dataset.csv                   2.27 MB","logger":"task.stdout"}
{"timestamp":"2026-09-09T20:30:10.750032Z","level":"info","event":"  olist_sellers_dataset.csv                    0.17 MB","logger":"task.stdout"}
{"timestamp":"2026-09-09T20:30:10.750194Z","level":"info","event":"  product_category_name_translation.csv        0.00 MB","logger":"task.stdout"}
{"timestamp":"2026-09-09T20:30:10.750390Z","level":"info","event":"","logger":"task.stdout"}
{"timestamp":"2026-09-09T20:30:10.747217Z","level":"info","event":"Done. Returned value was: None","map_index":-1,"try_number":1,"dag_id":"olist_ecommerce_pipeline","task_id":"ingest","run_id":"manual__2026-09-09T20:29:57.417753+00:00","ti_id":"01a087dc-eb51-7d68-bace-03a31238d1fd","logger":"airflow.task.operators.airflow.providers.standard.decorators.python._PythonDecoratedOperator","filename":"python.py","lineno":233}
{"timestamp":"2026-09-09T20:30:10.747401Z","level":"info","event":"::group::Post Execute","map_index":-1,"try_number":1,"dag_id":"olist_ecommerce_pipeline","task_id":"ingest","run_id":"manual__2026-09-09T20:29:57.417753+00:00","ti_id":"01a087dc-eb51-7d68-bace-03a31238d1fd","logger":"task","filename":"task_runner.py","lineno":1580}
{"timestamp":"2026-09-09T20:30:13.109653Z","level":"info","event":"Task instance in success state","logger":"task.stdout"}
{"timestamp":"2026-09-09T20:30:13.109926Z","level":"info","event":" Previous state of the Task instance: TaskInstanceState.RUNNING","logger":"task.stdout"}
{"timestamp":"2026-09-09T20:30:13.110079Z","level":"info","event":"Task operator:<Task(_PythonDecoratedOperator): ingest>","logger":"task.stdout"}
{"timestamp":"2026-09-09T20:30:13.107966Z","level":"info","event":"::endgroup::","map_index":-1,"try_number":1,"dag_id":"olist_ecommerce_pipeline","task_id":"ingest","run_id":"manual__2026-09-09T20:29:57.417753+00:00","ti_id":"01a087dc-eb51-7d68-bace-03a31238d1fd","logger":"task","filename":"task_runner.py","lineno":2379}
