{"timestamp":"2026-09-09T20:30:14.375795Z","level":"info","event":"::group::Pre Execute","logger":"task","filename":"task_runner.py","lineno":2412}
{"timestamp":"2026-09-09T20:30:14.390727Z","level":"info","event":"DAG bundles loaded: dags-folder, example_dags, apache-airflow-providers-common-sql-example-dags, apache-airflow-providers-standard-example-dags","try_number":1,"map_index":-1,"ti_id":"01a087dc-eb52-744b-bf3f-91476c9ee146","run_id":"manual__2026-09-09T20:29:57.417753+00:00","dag_id":"olist_ecommerce_pipeline","task_id":"build_staging","logger":"airflow.dag_processing.bundles.manager.DagBundlesManager","filename":"manager.py","lineno":304}
{"timestamp":"2026-09-09T20:30:14.391483Z","level":"info","event":"Filling up the DagBag from /workspaces/olist-ecommerce-pipeline/airflow/dags/olist_pipeline_dag.py","try_number":1,"map_index":-1,"ti_id":"01a087dc-eb52-744b-bf3f-91476c9ee146","run_id":"manual__2026-09-09T20:29:57.417753+00:00","dag_id":"olist_ecommerce_pipeline","task_id":"build_staging","logger":"airflow.dag_processing.dagbag.BundleDagBag","filename":"dagbag.py","lineno":460}
{"timestamp":"2026-09-09T20:30:14.427111Z","level":"info","event":"Worker startup parse complete","bundle_name":"dags-folder","bundle_version":null,"dag_file":"olist_pipeline_dag.py","dag_id":"olist_ecommerce_pipeline","bundle_prepare_ms":1,"dag_file_parse_ms":35,"try_number":1,"map_index":-1,"ti_id":"01a087dc-eb52-744b-bf3f-91476c9ee146","run_id":"manual__2026-09-09T20:29:57.417753+00:00","task_id":"build_staging","logger":"task","filename":"task_runner.py","lineno":1073}
{"timestamp":"2026-09-09T20:30:14.442346Z","level":"info","event":"Task instance is in running state","logger":"task.stdout"}
{"timestamp":"2026-09-09T20:30:14.442609Z","level":"info","event":" Previous state of the Task instance: TaskInstanceState.QUEUED","logger":"task.stdout"}
{"timestamp":"2026-09-09T20:30:14.442822Z","level":"info","event":"Current task name:build_staging","logger":"task.stdout"}
{"timestamp":"2026-09-09T20:30:14.442959Z","level":"info","event":"Dag name:olist_ecommerce_pipeline","logger":"task.stdout"}
{"timestamp":"2026-09-09T20:30:14.442793Z","level":"info","event":"::endgroup::","try_number":1,"map_index":-1,"ti_id":"01a087dc-eb52-744b-bf3f-91476c9ee146","run_id":"manual__2026-09-09T20:29:57.417753+00:00","dag_id":"olist_ecommerce_pipeline","task_id":"build_staging","logger":"task","filename":"task_runner.py","lineno":2232}
{"timestamp":"2026-09-09T20:30:34.396504Z","level":"info","event":"================================================================================","logger":"task.stdout"}
{"timestamp":"2026-09-09T20:30:34.396943Z","level":"info","event":"LOADING RAW TABLES","logger":"task.stdout"}
{"timestamp":"2026-09-09T20:30:34.397103Z","level":"info","event":"================================================================================","logger":"task.stdout"}
{"timestamp":"2026-09-09T20:30:34.397239Z","level":"info","event":"olist_customers_dataset.csv                        99,441 rows","logger":"task.stdout"}
{"timestamp":"2026-09-09T20:30:34.397369Z","level":"info","event":"olist_geolocation_dataset.csv                   1,000,163 rows","logger":"task.stdout"}
{"timestamp":"2026-09-09T20:30:34.397497Z","level":"info","event":"olist_order_items_dataset.csv                     112,650 rows","logger":"task.stdout"}
{"timestamp":"2026-09-09T20:30:34.397659Z","level":"info","event":"olist_order_payments_dataset.csv                  103,886 rows","logger":"task.stdout"}
{"timestamp":"2026-09-09T20:30:34.397822Z","level":"info","event":"olist_order_reviews_dataset.csv                    99,224 rows","logger":"task.stdout"}
{"timestamp":"2026-09-09T20:30:34.397977Z","level":"info","event":"olist_orders_dataset.csv                           99,441 rows","logger":"task.stdout"}
{"timestamp":"2026-09-09T20:30:34.398139Z","level":"info","event":"olist_products_dataset.csv                         32,951 rows","logger":"task.stdout"}
{"timestamp":"2026-09-09T20:30:34.398296Z","level":"info","event":"olist_sellers_dataset.csv                           3,095 rows","logger":"task.stdout"}
{"timestamp":"2026-09-09T20:30:34.398465Z","level":"info","event":"product_category_name_translation.csv                  71 rows","logger":"task.stdout"}
{"timestamp":"2026-09-09T20:30:34.398911Z","level":"info","event":"","logger":"task.stdout"}
{"timestamp":"2026-09-09T20:30:34.399175Z","level":"info","event":"================================================================================","logger":"task.stdout"}
{"timestamp":"2026-09-09T20:30:34.399445Z","level":"info","event":"APPLYING STAGING TRANSFORMATIONS","logger":"task.stdout"}
{"timestamp":"2026-09-09T20:30:34.399747Z","level":"info","event":"================================================================================","logger":"task.stdout"}
{"timestamp":"2026-09-09T20:30:34.400023Z","level":"info","event":"  olist_order_items_dataset.csv / shipping_limit_date: OK (newly invalid: 0)","logger":"task.stdout"}
{"timestamp":"2026-09-09T20:30:34.400303Z","level":"info","event":"  olist_order_reviews_dataset.csv / review_creation_date: OK (newly invalid: 0)","logger":"task.stdout"}
{"timestamp":"2026-09-09T20:30:34.400608Z","level":"info","event":"  olist_order_reviews_dataset.csv / review_answer_timestamp: OK (newly invalid: 0)","logger":"task.stdout"}
{"timestamp":"2026-09-09T20:30:34.400887Z","level":"info","event":"  olist_orders_dataset.csv / order_purchase_timestamp: OK (newly invalid: 0)","logger":"task.stdout"}
{"timestamp":"2026-09-09T20:30:34.401170Z","level":"info","event":"  olist_orders_dataset.csv / order_approved_at: OK (newly invalid: 0)","logger":"task.stdout"}
{"timestamp":"2026-09-09T20:30:34.401435Z","level":"info","event":"  olist_orders_dataset.csv / order_delivered_carrier_date: OK (newly invalid: 0)","logger":"task.stdout"}
{"timestamp":"2026-09-09T20:30:34.401716Z","level":"info","event":"  olist_orders_dataset.csv / order_delivered_customer_date: OK (newly invalid: 0)","logger":"task.stdout"}
{"timestamp":"2026-09-09T20:30:34.402004Z","level":"info","event":"  olist_orders_dataset.csv / order_estimated_delivery_date: OK (newly invalid: 0)","logger":"task.stdout"}
{"timestamp":"2026-09-09T20:30:34.402268Z","level":"info","event":"","logger":"task.stdout"}
{"timestamp":"2026-09-09T20:30:34.402531Z","level":"info","event":"================================================================================","logger":"task.stdout"}
{"timestamp":"2026-09-09T20:30:34.402807Z","level":"info","event":"STAGING LAYER BUILD COMPLETE","logger":"task.stdout"}
{"timestamp":"2026-09-09T20:30:34.402970Z","level":"info","event":"================================================================================","logger":"task.stdout"}
{"timestamp":"2026-09-09T20:30:34.403120Z","level":"info","event":"olist_customers_dataset.csv                        99,441 rows  (removed: 0)","logger":"task.stdout"}
{"timestamp":"2026-09-09T20:30:34.403271Z","level":"info","event":"olist_geolocation_dataset.csv                     738,332 rows  (removed: 261831)","logger":"task.stdout"}
{"timestamp":"2026-09-09T20:30:34.403434Z","level":"info","event":"olist_order_items_dataset.csv                     112,650 rows  (removed: 0)","logger":"task.stdout"}
{"timestamp":"2026-09-09T20:30:34.403703Z","level":"info","event":"olist_order_payments_dataset.csv                  103,886 rows  (removed: 0)","logger":"task.stdout"}
{"timestamp":"2026-09-09T20:30:34.403990Z","level":"info","event":"olist_order_reviews_dataset.csv                    99,224 rows  (removed: 0)","logger":"task.stdout"}
{"timestamp":"2026-09-09T20:30:34.404268Z","level":"info","event":"olist_orders_dataset.csv                           99,441 rows  (removed: 0)","logger":"task.stdout"}
{"timestamp":"2026-09-09T20:30:34.404537Z","level":"info","event":"olist_products_dataset.csv                         32,951 rows  (removed: 0)","logger":"task.stdout"}
{"timestamp":"2026-09-09T20:30:34.404850Z","level":"info","event":"olist_sellers_dataset.csv                           3,095 rows  (removed: 0)","logger":"task.stdout"}
{"timestamp":"2026-09-09T20:30:34.405122Z","level":"info","event":"product_category_name_translation.csv                  71 rows  (removed: 0)","logger":"task.stdout"}
{"timestamp":"2026-09-09T20:30:34.405406Z","level":"info","event":"","logger":"task.stdout"}
{"timestamp":"2026-09-09T20:30:34.405704Z","level":"info","event":"================================================================================","logger":"task.stdout"}
{"timestamp":"2026-09-09T20:30:34.405985Z","level":"info","event":"RAW DATA INTEGRITY CHECK","logger":"task.stdout"}
{"timestamp":"2026-09-09T20:30:34.406260Z","level":"info","event":"================================================================================","logger":"task.stdout"}
{"timestamp":"2026-09-09T20:30:34.406533Z","level":"info","event":"olist_customers_dataset.csv                  OK","logger":"task.stdout"}
{"timestamp":"2026-09-09T20:30:34.406842Z","level":"info","event":"olist_geolocation_dataset.csv                OK","logger":"task.stdout"}
{"timestamp":"2026-09-09T20:30:34.407119Z","level":"info","event":"olist_order_items_dataset.csv                OK","logger":"task.stdout"}
{"timestamp":"2026-09-09T20:30:34.407392Z","level":"info","event":"olist_order_payments_dataset.csv             OK","logger":"task.stdout"}
{"timestamp":"2026-09-09T20:30:34.407686Z","level":"info","event":"olist_order_reviews_dataset.csv              OK","logger":"task.stdout"}
{"timestamp":"2026-09-09T20:30:34.407943Z","level":"info","event":"olist_orders_dataset.csv                     OK","logger":"task.stdout"}
{"timestamp":"2026-09-09T20:30:34.408182Z","level":"info","event":"olist_products_dataset.csv                   OK","logger":"task.stdout"}
{"timestamp":"2026-09-09T20:30:34.408441Z","level":"info","event":"olist_sellers_dataset.csv                    OK","logger":"task.stdout"}
{"timestamp":"2026-09-09T20:30:34.408727Z","level":"info","event":"product_category_name_translation.csv        OK","logger":"task.stdout"}
{"timestamp":"2026-09-09T20:30:34.409050Z","level":"info","event":"","logger":"task.stdout"}
{"timestamp":"2026-09-09T20:30:34.395645Z","level":"info","event":"Done. Returned value was: None","try_number":1,"map_index":-1,"ti_id":"01a087dc-eb52-744b-bf3f-91476c9ee146","run_id":"manual__2026-09-09T20:29:57.417753+00:00","dag_id":"olist_ecommerce_pipeline","task_id":"build_staging","logger":"airflow.task.operators.airflow.providers.standard.decorators.python._PythonDecoratedOperator","filename":"python.py","lineno":233}
{"timestamp":"2026-09-09T20:30:34.395841Z","level":"info","event":"::group::Post Execute","try_number":1,"map_index":-1,"ti_id":"01a087dc-eb52-744b-bf3f-91476c9ee146","run_id":"manual__2026-09-09T20:29:57.417753+00:00","dag_id":"olist_ecommerce_pipeline","task_id":"build_staging","logger":"task","filename":"task_runner.py","lineno":1580}
{"timestamp":"2026-09-09T20:30:34.424568Z","level":"info","event":"Task instance in success state","logger":"task.stdout"}
{"timestamp":"2026-09-09T20:30:34.426155Z","level":"info","event":" Previous state of the Task instance: TaskInstanceState.RUNNING","logger":"task.stdout"}
{"timestamp":"2026-09-09T20:30:34.426337Z","level":"info","event":"Task operator:<Task(_PythonDecoratedOperator): build_staging>","logger":"task.stdout"}
{"timestamp":"2026-09-09T20:30:34.425131Z","level":"info","event":"::endgroup::","try_number":1,"map_index":-1,"ti_id":"01a087dc-eb52-744b-bf3f-91476c9ee146","run_id":"manual__2026-09-09T20:29:57.417753+00:00","dag_id":"olist_ecommerce_pipeline","task_id":"build_staging","logger":"task","filename":"task_runner.py","lineno":2379}
