{"timestamp":"2026-09-09T23:25:10.216781Z","level":"info","event":"::group::Pre Execute","logger":"task","filename":"task_runner.py","lineno":2412}
{"timestamp":"2026-09-09T23:25:10.679694Z","level":"info","event":"DAG bundles loaded: dags-folder, example_dags, apache-airflow-providers-common-sql-example-dags, apache-airflow-providers-standard-example-dags","task_id":"build_charts","try_number":1,"map_index":-1,"run_id":"manual__2026-09-09T23:19:21.524786+00:00","dag_id":"olist_ecommerce_pipeline","ti_id":"01a08878-02d7-71e2-8402-06596798d398","logger":"airflow.dag_processing.bundles.manager.DagBundlesManager","filename":"manager.py","lineno":304}
{"timestamp":"2026-09-09T23:25:10.680469Z","level":"info","event":"Filling up the DagBag from /workspaces/olist-ecommerce-pipeline/airflow/dags/olist_pipeline_dag.py","task_id":"build_charts","try_number":1,"map_index":-1,"run_id":"manual__2026-09-09T23:19:21.524786+00:00","dag_id":"olist_ecommerce_pipeline","ti_id":"01a08878-02d7-71e2-8402-06596798d398","logger":"airflow.dag_processing.dagbag.BundleDagBag","filename":"dagbag.py","lineno":460}
{"timestamp":"2026-09-09T23:25:10.724224Z","level":"info","event":"Worker startup parse complete","bundle_name":"dags-folder","bundle_version":null,"dag_file":"olist_pipeline_dag.py","dag_id":"olist_ecommerce_pipeline","bundle_prepare_ms":2,"dag_file_parse_ms":43,"task_id":"build_charts","try_number":1,"map_index":-1,"run_id":"manual__2026-09-09T23:19:21.524786+00:00","ti_id":"01a08878-02d7-71e2-8402-06596798d398","logger":"task","filename":"task_runner.py","lineno":1073}
{"timestamp":"2026-09-09T23:25:10.740068Z","level":"info","event":"Task instance is in running state","logger":"task.stdout"}
{"timestamp":"2026-09-09T23:25:10.740505Z","level":"info","event":" Previous state of the Task instance: TaskInstanceState.QUEUED","logger":"task.stdout"}
{"timestamp":"2026-09-09T23:25:10.740842Z","level":"info","event":"Current task name:build_charts","logger":"task.stdout"}
{"timestamp":"2026-09-09T23:25:10.741135Z","level":"info","event":"Dag name:olist_ecommerce_pipeline","logger":"task.stdout"}
{"timestamp":"2026-09-09T23:25:10.740335Z","level":"info","event":"::endgroup::","task_id":"build_charts","try_number":1,"map_index":-1,"run_id":"manual__2026-09-09T23:19:21.524786+00:00","dag_id":"olist_ecommerce_pipeline","ti_id":"01a08878-02d7-71e2-8402-06596798d398","logger":"task","filename":"task_runner.py","lineno":2232}
{"timestamp":"2026-09-09T23:25:15.867492Z","level":"info","event":"================================================================================","logger":"task.stdout"}
{"timestamp":"2026-09-09T23:25:15.867956Z","level":"info","event":"GENERATING BI VISUALIZATIONS","logger":"task.stdout"}
{"timestamp":"2026-09-09T23:25:15.868214Z","level":"info","event":"================================================================================","logger":"task.stdout"}
{"timestamp":"2026-09-09T23:25:15.868418Z","level":"info","event":"Saved: /workspaces/olist-ecommerce-pipeline/outputs/figures/cluster_sizes.png","logger":"task.stdout"}
{"timestamp":"2026-09-09T23:25:15.868654Z","level":"info","event":"Saved: /workspaces/olist-ecommerce-pipeline/outputs/figures/recency_vs_spend_scatter.png","logger":"task.stdout"}
{"timestamp":"2026-09-09T23:25:15.868810Z","level":"info","event":"Saved: /workspaces/olist-ecommerce-pipeline/outputs/figures/avg_review_score_by_cluster.png","logger":"task.stdout"}
{"timestamp":"2026-09-09T23:25:15.868982Z","level":"info","event":"","logger":"task.stdout"}
{"timestamp":"2026-09-09T23:25:15.869128Z","level":"info","event":"================================================================================","logger":"task.stdout"}
{"timestamp":"2026-09-09T23:25:15.869272Z","level":"info","event":"ALL CHARTS GENERATED","logger":"task.stdout"}
{"timestamp":"2026-09-09T23:25:15.869414Z","level":"info","event":"================================================================================","logger":"task.stdout"}
{"timestamp":"2026-09-09T23:25:15.869758Z","level":"info","event":"","logger":"task.stdout"}
{"timestamp":"2026-09-09T23:25:15.867573Z","level":"info","event":"Done. Returned value was: None","task_id":"build_charts","try_number":1,"map_index":-1,"run_id":"manual__2026-09-09T23:19:21.524786+00:00","dag_id":"olist_ecommerce_pipeline","ti_id":"01a08878-02d7-71e2-8402-06596798d398","logger":"airflow.task.operators.airflow.providers.standard.decorators.python._PythonDecoratedOperator","filename":"python.py","lineno":233}
{"timestamp":"2026-09-09T23:25:15.867756Z","level":"info","event":"::group::Post Execute","task_id":"build_charts","try_number":1,"map_index":-1,"run_id":"manual__2026-09-09T23:19:21.524786+00:00","dag_id":"olist_ecommerce_pipeline","ti_id":"01a08878-02d7-71e2-8402-06596798d398","logger":"task","filename":"task_runner.py","lineno":1580}
{"timestamp":"2026-09-09T23:25:15.882712Z","level":"info","event":"Task instance in success state","logger":"task.stdout"}
{"timestamp":"2026-09-09T23:25:15.882906Z","level":"info","event":" Previous state of the Task instance: TaskInstanceState.RUNNING","logger":"task.stdout"}
{"timestamp":"2026-09-09T23:25:15.883120Z","level":"info","event":"Task operator:<Task(_PythonDecoratedOperator): build_charts>","logger":"task.stdout"}
{"timestamp":"2026-09-09T23:25:15.883051Z","level":"info","event":"::endgroup::","task_id":"build_charts","try_number":1,"map_index":-1,"run_id":"manual__2026-09-09T23:19:21.524786+00:00","dag_id":"olist_ecommerce_pipeline","ti_id":"01a08878-02d7-71e2-8402-06596798d398","logger":"task","filename":"task_runner.py","lineno":2379}
