{"timestamp":"2026-09-09T23:19:22.456031Z","level":"info","event":"::group::Pre Execute","logger":"task","filename":"task_runner.py","lineno":2412}
{"timestamp":"2026-09-09T23:19:22.831622Z","level":"info","event":"DAG bundles loaded: dags-folder, example_dags, apache-airflow-providers-common-sql-example-dags, apache-airflow-providers-standard-example-dags","run_id":"manual__2026-09-09T23:19:21.524786+00:00","map_index":-1,"ti_id":"01a08878-02d1-7a34-84cd-7470f7589ce7","try_number":1,"task_id":"ingest","dag_id":"olist_ecommerce_pipeline","logger":"airflow.dag_processing.bundles.manager.DagBundlesManager","filename":"manager.py","lineno":304}
{"timestamp":"2026-09-09T23:19:22.832374Z","level":"info","event":"Filling up the DagBag from /workspaces/olist-ecommerce-pipeline/airflow/dags/olist_pipeline_dag.py","run_id":"manual__2026-09-09T23:19:21.524786+00:00","map_index":-1,"ti_id":"01a08878-02d1-7a34-84cd-7470f7589ce7","try_number":1,"task_id":"ingest","dag_id":"olist_ecommerce_pipeline","logger":"airflow.dag_processing.dagbag.BundleDagBag","filename":"dagbag.py","lineno":460}
{"timestamp":"2026-09-09T23:19:22.878112Z","level":"info","event":"Worker startup parse complete","bundle_name":"dags-folder","bundle_version":null,"dag_file":"olist_pipeline_dag.py","dag_id":"olist_ecommerce_pipeline","bundle_prepare_ms":3,"dag_file_parse_ms":45,"run_id":"manual__2026-09-09T23:19:21.524786+00:00","map_index":-1,"ti_id":"01a08878-02d1-7a34-84cd-7470f7589ce7","try_number":1,"task_id":"ingest","logger":"task","filename":"task_runner.py","lineno":1073}
{"timestamp":"2026-09-09T23:19:22.914160Z","level":"info","event":"Task instance is in running state","logger":"task.stdout"}
{"timestamp":"2026-09-09T23:19:22.914598Z","level":"info","event":" Previous state of the Task instance: TaskInstanceState.QUEUED","logger":"task.stdout"}
{"timestamp":"2026-09-09T23:19:22.914830Z","level":"info","event":"Current task name:ingest","logger":"task.stdout"}
{"timestamp":"2026-09-09T23:19:22.915621Z","level":"info","event":"Dag name:olist_ecommerce_pipeline","logger":"task.stdout"}
{"timestamp":"2026-09-09T23:19:22.913311Z","level":"info","event":"::endgroup::","run_id":"manual__2026-09-09T23:19:21.524786+00:00","map_index":-1,"ti_id":"01a08878-02d1-7a34-84cd-7470f7589ce7","try_number":1,"task_id":"ingest","dag_id":"olist_ecommerce_pipeline","logger":"task","filename":"task_runner.py","lineno":2232}
{"timestamp":"2026-09-09T23:19:34.061246Z","level":"info","event":"Using existing Kaggle credentials from environment variables.","logger":"task.stdout"}
{"timestamp":"2026-09-09T23:19:34.061575Z","level":"info","event":"======================================================================","logger":"task.stdout"}
{"timestamp":"2026-09-09T23:19:34.061744Z","level":"info","event":"Downloading olistbr/brazilian-ecommerce to /workspaces/olist-ecommerce-pipeline/data/raw","logger":"task.stdout"}
{"timestamp":"2026-09-09T23:19:34.061910Z","level":"info","event":"======================================================================","logger":"task.stdout"}
{"timestamp":"2026-09-09T23:19:34.062053Z","level":"info","event":"Dataset URL: https://www.kaggle.com/datasets/olistbr/brazilian-ecommerce","logger":"task.stdout"}
{"timestamp":"2026-09-09T23:19:34.062188Z","level":"info","event":"======================================================================","logger":"task.stdout"}
{"timestamp":"2026-09-09T23:19:34.062322Z","level":"info","event":"DOWNLOAD COMPLETE — files in data/raw:","logger":"task.stdout"}
{"timestamp":"2026-09-09T23:19:34.062503Z","level":"info","event":"======================================================================","logger":"task.stdout"}
{"timestamp":"2026-09-09T23:19:34.062653Z","level":"info","event":"  olist_customers_dataset.csv                  8.62 MB","logger":"task.stdout"}
{"timestamp":"2026-09-09T23:19:34.062796Z","level":"info","event":"  olist_geolocation_dataset.csv               58.44 MB","logger":"task.stdout"}
{"timestamp":"2026-09-09T23:19:34.062928Z","level":"info","event":"  olist_order_items_dataset.csv               14.72 MB","logger":"task.stdout"}
{"timestamp":"2026-09-09T23:19:34.063073Z","level":"info","event":"  olist_order_payments_dataset.csv             5.51 MB","logger":"task.stdout"}
{"timestamp":"2026-09-09T23:19:34.063264Z","level":"info","event":"  olist_order_reviews_dataset.csv             13.78 MB","logger":"task.stdout"}
{"timestamp":"2026-09-09T23:19:34.063402Z","level":"info","event":"  olist_orders_dataset.csv                    16.84 MB","logger":"task.stdout"}
{"timestamp":"2026-09-09T23:19:34.063610Z","level":"info","event":"  olist_products_dataset.csv                   2.27 MB","logger":"task.stdout"}
{"timestamp":"2026-09-09T23:19:34.063787Z","level":"info","event":"  olist_sellers_dataset.csv                    0.17 MB","logger":"task.stdout"}
{"timestamp":"2026-09-09T23:19:34.063961Z","level":"info","event":"  product_category_name_translation.csv        0.00 MB","logger":"task.stdout"}
{"timestamp":"2026-09-09T23:19:34.064133Z","level":"info","event":"","logger":"task.stdout"}
{"timestamp":"2026-09-09T23:19:33.716601Z","level":"info","event":"Done. Returned value was: None","run_id":"manual__2026-09-09T23:19:21.524786+00:00","map_index":-1,"ti_id":"01a08878-02d1-7a34-84cd-7470f7589ce7","try_number":1,"task_id":"ingest","dag_id":"olist_ecommerce_pipeline","logger":"airflow.task.operators.airflow.providers.standard.decorators.python._PythonDecoratedOperator","filename":"python.py","lineno":233}
{"timestamp":"2026-09-09T23:19:33.716832Z","level":"info","event":"::group::Post Execute","run_id":"manual__2026-09-09T23:19:21.524786+00:00","map_index":-1,"ti_id":"01a08878-02d1-7a34-84cd-7470f7589ce7","try_number":1,"task_id":"ingest","dag_id":"olist_ecommerce_pipeline","logger":"task","filename":"task_runner.py","lineno":1580}
{"timestamp":"2026-09-09T23:19:34.091397Z","level":"info","event":"Task instance in success state","logger":"task.stdout"}
{"timestamp":"2026-09-09T23:19:34.091716Z","level":"info","event":" Previous state of the Task instance: TaskInstanceState.RUNNING","logger":"task.stdout"}
{"timestamp":"2026-09-09T23:19:34.091995Z","level":"info","event":"Task operator:<Task(_PythonDecoratedOperator): ingest>","logger":"task.stdout"}
{"timestamp":"2026-09-09T23:19:34.091827Z","level":"info","event":"::endgroup::","run_id":"manual__2026-09-09T23:19:21.524786+00:00","map_index":-1,"ti_id":"01a08878-02d1-7a34-84cd-7470f7589ce7","try_number":1,"task_id":"ingest","dag_id":"olist_ecommerce_pipeline","logger":"task","filename":"task_runner.py","lineno":2379}
