{"timestamp":"2026-09-09T23:14:40.922373Z","level":"info","event":"::group::Pre Execute","logger":"task","filename":"task_runner.py","lineno":2412}
{"timestamp":"2026-09-09T23:14:41.946769Z","level":"info","event":"DAG bundles loaded: dags-folder, example_dags, apache-airflow-providers-common-sql-example-dags, apache-airflow-providers-standard-example-dags","run_id":"manual__2026-09-09T22:38:36.282237+00:00","map_index":-1,"dag_id":"olist_ecommerce_pipeline","task_id":"build_segmentation","ti_id":"01a08852-b31f-7177-999f-70528306546e","try_number":1,"logger":"airflow.dag_processing.bundles.manager.DagBundlesManager","filename":"manager.py","lineno":304}
{"timestamp":"2026-09-09T23:14:41.953714Z","level":"info","event":"Filling up the DagBag from /workspaces/olist-ecommerce-pipeline/airflow/dags/olist_pipeline_dag.py","run_id":"manual__2026-09-09T22:38:36.282237+00:00","map_index":-1,"dag_id":"olist_ecommerce_pipeline","task_id":"build_segmentation","ti_id":"01a08852-b31f-7177-999f-70528306546e","try_number":1,"logger":"airflow.dag_processing.dagbag.BundleDagBag","filename":"dagbag.py","lineno":460}
{"timestamp":"2026-09-09T23:14:42.160339Z","level":"info","event":"Worker startup parse complete","bundle_name":"dags-folder","bundle_version":null,"dag_file":"olist_pipeline_dag.py","dag_id":"olist_ecommerce_pipeline","bundle_prepare_ms":7,"dag_file_parse_ms":206,"run_id":"manual__2026-09-09T22:38:36.282237+00:00","map_index":-1,"task_id":"build_segmentation","ti_id":"01a08852-b31f-7177-999f-70528306546e","try_number":1,"logger":"task","filename":"task_runner.py","lineno":1073}
{"timestamp":"2026-09-09T23:14:42.242947Z","level":"info","event":"Task instance is in running state","logger":"task.stdout"}
{"timestamp":"2026-09-09T23:14:42.247566Z","level":"info","event":" Previous state of the Task instance: TaskInstanceState.QUEUED","logger":"task.stdout"}
{"timestamp":"2026-09-09T23:14:42.247794Z","level":"info","event":"Current task name:build_segmentation","logger":"task.stdout"}
{"timestamp":"2026-09-09T23:14:42.247988Z","level":"info","event":"Dag name:olist_ecommerce_pipeline","logger":"task.stdout"}
{"timestamp":"2026-09-09T23:14:42.240806Z","level":"info","event":"::endgroup::","run_id":"manual__2026-09-09T22:38:36.282237+00:00","map_index":-1,"dag_id":"olist_ecommerce_pipeline","task_id":"build_segmentation","ti_id":"01a08852-b31f-7177-999f-70528306546e","try_number":1,"logger":"task","filename":"task_runner.py","lineno":2232}
{"timestamp":"2026-09-09T23:16:23.845701Z","level":"info","event":"================================================================================","logger":"task.stdout"}
{"timestamp":"2026-09-09T23:16:23.846125Z","level":"info","event":"CUSTOMER SEGMENTATION (KMEANS)","logger":"task.stdout"}
{"timestamp":"2026-09-09T23:16:23.846600Z","level":"info","event":"================================================================================","logger":"task.stdout"}
{"timestamp":"2026-09-09T23:16:23.846896Z","level":"info","event":"Customers with complete features: 92,791 (dropped 605 missing review scores)","logger":"task.stdout"}
{"timestamp":"2026-09-09T23:16:23.847163Z","level":"info","event":"","logger":"task.stdout"}
{"timestamp":"2026-09-09T23:16:23.847494Z","level":"info","event":"Silhouette score: 0.395","logger":"task.stdout"}
{"timestamp":"2026-09-09T23:16:23.847787Z","level":"info","event":"(Scores near 0 are expected here — with ~97% one-time buyers, clusters will overlap heavily rather than separate cleanly. This reflects the real distribution, not a modeling error.)","logger":"task.stdout"}
{"timestamp":"2026-09-09T23:16:23.848088Z","level":"info","event":"","logger":"task.stdout"}
{"timestamp":"2026-09-09T23:16:23.848311Z","level":"info","event":"================================================================================","logger":"task.stdout"}
{"timestamp":"2026-09-09T23:16:23.848714Z","level":"info","event":"CLUSTER PROFILES (mean values per cluster)","logger":"task.stdout"}
{"timestamp":"2026-09-09T23:16:23.849001Z","level":"info","event":"================================================================================","logger":"task.stdout"}
{"timestamp":"2026-09-09T23:16:23.849266Z","level":"info","event":"         recency_days  purchase_frequency  total_spent  avg_review_score  customer_count  pct_of_total","logger":"task.stdout"}
{"timestamp":"2026-09-09T23:16:23.849774Z","level":"info","event":"cluster","logger":"task.stdout"}
{"timestamp":"2026-09-09T23:16:23.851039Z","level":"info","event":"0              392.54                1.00       157.08              4.64           32068         34.56","logger":"task.stdout"}
{"timestamp":"2026-09-09T23:16:23.851336Z","level":"info","event":"1              121.71                1.00       153.83              4.70           42021         45.29","logger":"task.stdout"}
{"timestamp":"2026-09-09T23:16:23.851597Z","level":"info","event":"2              229.96                1.00       182.81              1.72           15940         17.18","logger":"task.stdout"}
{"timestamp":"2026-09-09T23:16:23.851929Z","level":"info","event":"3              219.58                2.11       320.37              4.20            2762          2.98","logger":"task.stdout"}
{"timestamp":"2026-09-09T23:16:23.852220Z","level":"info","event":"","logger":"task.stdout"}
{"timestamp":"2026-09-09T23:16:23.852542Z","level":"info","event":"Repeat-buyer share per cluster:","logger":"task.stdout"}
{"timestamp":"2026-09-09T23:16:23.852832Z","level":"info","event":"  Cluster 0: 0.00% repeat buyers (n=32,068)","logger":"task.stdout"}
{"timestamp":"2026-09-09T23:16:23.853104Z","level":"info","event":"  Cluster 1: 0.00% repeat buyers (n=42,021)","logger":"task.stdout"}
{"timestamp":"2026-09-09T23:16:23.853393Z","level":"info","event":"  Cluster 2: 0.00% repeat buyers (n=15,940)","logger":"task.stdout"}
{"timestamp":"2026-09-09T23:16:23.853718Z","level":"info","event":"  Cluster 3: 99.86% repeat buyers (n=2,762)","logger":"task.stdout"}
{"timestamp":"2026-09-09T23:16:23.854013Z","level":"info","event":"","logger":"task.stdout"}
{"timestamp":"2026-09-09T23:16:23.854382Z","level":"info","event":"Segmented customers saved to: /workspaces/olist-ecommerce-pipeline/data/features/customer_segments.parquet","logger":"task.stdout"}
{"timestamp":"2026-09-09T23:16:23.854739Z","level":"info","event":"Cluster profiles saved to: /workspaces/olist-ecommerce-pipeline/outputs/reports/cluster_profiles.csv","logger":"task.stdout"}
{"timestamp":"2026-09-09T23:16:23.855752Z","level":"info","event":"","logger":"task.stdout"}
{"timestamp":"2026-09-09T23:16:23.844822Z","level":"info","event":"Done. Returned value was: None","run_id":"manual__2026-09-09T22:38:36.282237+00:00","map_index":-1,"dag_id":"olist_ecommerce_pipeline","task_id":"build_segmentation","ti_id":"01a08852-b31f-7177-999f-70528306546e","try_number":1,"logger":"airflow.task.operators.airflow.providers.standard.decorators.python._PythonDecoratedOperator","filename":"python.py","lineno":233}
{"timestamp":"2026-09-09T23:16:23.845030Z","level":"info","event":"::group::Post Execute","run_id":"manual__2026-09-09T22:38:36.282237+00:00","map_index":-1,"dag_id":"olist_ecommerce_pipeline","task_id":"build_segmentation","ti_id":"01a08852-b31f-7177-999f-70528306546e","try_number":1,"logger":"task","filename":"task_runner.py","lineno":1580}
{"timestamp":"2026-09-09T23:16:24.081511Z","level":"info","event":"Task instance in success state","logger":"task.stdout"}
{"timestamp":"2026-09-09T23:16:24.081787Z","level":"info","event":" Previous state of the Task instance: TaskInstanceState.RUNNING","logger":"task.stdout"}
{"timestamp":"2026-09-09T23:16:24.081971Z","level":"info","event":"Task operator:<Task(_PythonDecoratedOperator): build_segmentation>","logger":"task.stdout"}
{"timestamp":"2026-09-09T23:16:24.080102Z","level":"info","event":"::endgroup::","run_id":"manual__2026-09-09T22:38:36.282237+00:00","map_index":-1,"dag_id":"olist_ecommerce_pipeline","task_id":"build_segmentation","ti_id":"01a08852-b31f-7177-999f-70528306546e","try_number":1,"logger":"task","filename":"task_runner.py","lineno":2379}
