{"timestamp":"2026-09-09T23:23:42.798745Z","level":"info","event":"::group::Pre Execute","logger":"task","filename":"task_runner.py","lineno":2412}
{"timestamp":"2026-09-09T23:23:43.090522Z","level":"info","event":"DAG bundles loaded: dags-folder, example_dags, apache-airflow-providers-common-sql-example-dags, apache-airflow-providers-standard-example-dags","try_number":1,"task_id":"build_features","run_id":"manual__2026-09-09T23:19:21.524786+00:00","dag_id":"olist_ecommerce_pipeline","ti_id":"01a08878-02d5-79d2-a3fc-96c1e15b2262","map_index":-1,"logger":"airflow.dag_processing.bundles.manager.DagBundlesManager","filename":"manager.py","lineno":304}
{"timestamp":"2026-09-09T23:23:43.091297Z","level":"info","event":"Filling up the DagBag from /workspaces/olist-ecommerce-pipeline/airflow/dags/olist_pipeline_dag.py","try_number":1,"task_id":"build_features","run_id":"manual__2026-09-09T23:19:21.524786+00:00","dag_id":"olist_ecommerce_pipeline","ti_id":"01a08878-02d5-79d2-a3fc-96c1e15b2262","map_index":-1,"logger":"airflow.dag_processing.dagbag.BundleDagBag","filename":"dagbag.py","lineno":460}
{"timestamp":"2026-09-09T23:23:43.184001Z","level":"info","event":"Worker startup parse complete","bundle_name":"dags-folder","bundle_version":null,"dag_file":"olist_pipeline_dag.py","dag_id":"olist_ecommerce_pipeline","bundle_prepare_ms":2,"dag_file_parse_ms":92,"try_number":1,"task_id":"build_features","run_id":"manual__2026-09-09T23:19:21.524786+00:00","ti_id":"01a08878-02d5-79d2-a3fc-96c1e15b2262","map_index":-1,"logger":"task","filename":"task_runner.py","lineno":1073}
{"timestamp":"2026-09-09T23:23:43.225803Z","level":"info","event":"Task instance is in running state","logger":"task.stdout"}
{"timestamp":"2026-09-09T23:23:43.226530Z","level":"info","event":" Previous state of the Task instance: TaskInstanceState.QUEUED","logger":"task.stdout"}
{"timestamp":"2026-09-09T23:23:43.227488Z","level":"info","event":"Current task name:build_features","logger":"task.stdout"}
{"timestamp":"2026-09-09T23:23:43.227744Z","level":"info","event":"Dag name:olist_ecommerce_pipeline","logger":"task.stdout"}
{"timestamp":"2026-09-09T23:23:43.226912Z","level":"info","event":"::endgroup::","try_number":1,"task_id":"build_features","run_id":"manual__2026-09-09T23:19:21.524786+00:00","dag_id":"olist_ecommerce_pipeline","ti_id":"01a08878-02d5-79d2-a3fc-96c1e15b2262","map_index":-1,"logger":"task","filename":"task_runner.py","lineno":2232}
{"timestamp":"2026-09-09T23:23:47.045555Z","level":"info","event":"================================================================================","logger":"task.stdout"}
{"timestamp":"2026-09-09T23:23:47.046056Z","level":"info","event":"BUILDING CUSTOMER-LEVEL RFM FEATURES","logger":"task.stdout"}
{"timestamp":"2026-09-09T23:23:47.046351Z","level":"info","event":"================================================================================","logger":"task.stdout"}
{"timestamp":"2026-09-09T23:23:47.047503Z","level":"info","event":"Snapshot date used for recency: 2018-08-29","logger":"task.stdout"}
{"timestamp":"2026-09-09T23:23:47.047804Z","level":"info","event":"Unique customers: 93,396","logger":"task.stdout"}
{"timestamp":"2026-09-09T23:23:47.049499Z","level":"info","event":"","logger":"task.stdout"}
{"timestamp":"2026-09-09T23:23:47.049751Z","level":"info","event":"Purchase frequency distribution:","logger":"task.stdout"}
{"timestamp":"2026-09-09T23:23:47.050089Z","level":"info","event":"purchase_frequency","logger":"task.stdout"}
{"timestamp":"2026-09-09T23:23:47.050331Z","level":"info","event":"1     90629","logger":"task.stdout"}
{"timestamp":"2026-09-09T23:23:47.051628Z","level":"info","event":"2      2542","logger":"task.stdout"}
{"timestamp":"2026-09-09T23:23:47.051866Z","level":"info","event":"3       179","logger":"task.stdout"}
{"timestamp":"2026-09-09T23:23:47.052136Z","level":"info","event":"4        27","logger":"task.stdout"}
{"timestamp":"2026-09-09T23:23:47.054059Z","level":"info","event":"5         9","logger":"task.stdout"}
{"timestamp":"2026-09-09T23:23:47.055488Z","level":"info","event":"6         5","logger":"task.stdout"}
{"timestamp":"2026-09-09T23:23:47.057595Z","level":"info","event":"7         3","logger":"task.stdout"}
{"timestamp":"2026-09-09T23:23:47.057845Z","level":"info","event":"9         1","logger":"task.stdout"}
{"timestamp":"2026-09-09T23:23:47.058015Z","level":"info","event":"15        1","logger":"task.stdout"}
{"timestamp":"2026-09-09T23:23:47.058167Z","level":"info","event":"","logger":"task.stdout"}
{"timestamp":"2026-09-09T23:23:47.058323Z","level":"info","event":"Customers with more than 1 order: 2,767 (2.96% of 93,396)","logger":"task.stdout"}
{"timestamp":"2026-09-09T23:23:47.058552Z","level":"info","event":"","logger":"task.stdout"}
{"timestamp":"2026-09-09T23:23:47.058784Z","level":"info","event":"Features saved to: /workspaces/olist-ecommerce-pipeline/data/features/customer_features.parquet","logger":"task.stdout"}
{"timestamp":"2026-09-09T23:23:47.060490Z","level":"info","event":"","logger":"task.stdout"}
{"timestamp":"2026-09-09T23:23:47.042970Z","level":"info","event":"Done. Returned value was: None","try_number":1,"task_id":"build_features","run_id":"manual__2026-09-09T23:19:21.524786+00:00","dag_id":"olist_ecommerce_pipeline","ti_id":"01a08878-02d5-79d2-a3fc-96c1e15b2262","map_index":-1,"logger":"airflow.task.operators.airflow.providers.standard.decorators.python._PythonDecoratedOperator","filename":"python.py","lineno":233}
{"timestamp":"2026-09-09T23:23:47.043162Z","level":"info","event":"::group::Post Execute","try_number":1,"task_id":"build_features","run_id":"manual__2026-09-09T23:19:21.524786+00:00","dag_id":"olist_ecommerce_pipeline","ti_id":"01a08878-02d5-79d2-a3fc-96c1e15b2262","map_index":-1,"logger":"task","filename":"task_runner.py","lineno":1580}
{"timestamp":"2026-09-09T23:23:47.182584Z","level":"info","event":"Task instance in success state","logger":"task.stdout"}
{"timestamp":"2026-09-09T23:23:47.183279Z","level":"info","event":" Previous state of the Task instance: TaskInstanceState.RUNNING","logger":"task.stdout"}
{"timestamp":"2026-09-09T23:23:47.184477Z","level":"info","event":"Task operator:<Task(_PythonDecoratedOperator): build_features>","logger":"task.stdout"}
{"timestamp":"2026-09-09T23:23:47.182174Z","level":"info","event":"::endgroup::","try_number":1,"task_id":"build_features","run_id":"manual__2026-09-09T23:19:21.524786+00:00","dag_id":"olist_ecommerce_pipeline","ti_id":"01a08878-02d5-79d2-a3fc-96c1e15b2262","map_index":-1,"logger":"task","filename":"task_runner.py","lineno":2379}
