{"timestamp":"2026-09-09T23:16:24.834826Z","level":"info","event":"::group::Pre Execute","logger":"task","filename":"task_runner.py","lineno":2412}
{"timestamp":"2026-09-09T23:16:25.070775Z","level":"info","event":"DAG bundles loaded: dags-folder, example_dags, apache-airflow-providers-common-sql-example-dags, apache-airflow-providers-standard-example-dags","ti_id":"01a08852-b320-7326-ab92-187067f4f285","run_id":"manual__2026-09-09T22:38:36.282237+00:00","map_index":-1,"task_id":"build_charts","try_number":1,"dag_id":"olist_ecommerce_pipeline","logger":"airflow.dag_processing.bundles.manager.DagBundlesManager","filename":"manager.py","lineno":304}
{"timestamp":"2026-09-09T23:16:25.071659Z","level":"info","event":"Filling up the DagBag from /workspaces/olist-ecommerce-pipeline/airflow/dags/olist_pipeline_dag.py","ti_id":"01a08852-b320-7326-ab92-187067f4f285","run_id":"manual__2026-09-09T22:38:36.282237+00:00","map_index":-1,"task_id":"build_charts","try_number":1,"dag_id":"olist_ecommerce_pipeline","logger":"airflow.dag_processing.dagbag.BundleDagBag","filename":"dagbag.py","lineno":460}
{"timestamp":"2026-09-09T23:16:25.102391Z","level":"info","event":"Worker startup parse complete","bundle_name":"dags-folder","bundle_version":null,"dag_file":"olist_pipeline_dag.py","dag_id":"olist_ecommerce_pipeline","bundle_prepare_ms":1,"dag_file_parse_ms":30,"ti_id":"01a08852-b320-7326-ab92-187067f4f285","run_id":"manual__2026-09-09T22:38:36.282237+00:00","map_index":-1,"task_id":"build_charts","try_number":1,"logger":"task","filename":"task_runner.py","lineno":1073}
{"timestamp":"2026-09-09T23:16:25.116823Z","level":"info","event":"Task instance is in running state","logger":"task.stdout"}
{"timestamp":"2026-09-09T23:16:25.117197Z","level":"info","event":" Previous state of the Task instance: TaskInstanceState.QUEUED","logger":"task.stdout"}
{"timestamp":"2026-09-09T23:16:25.117549Z","level":"info","event":"Current task name:build_charts","logger":"task.stdout"}
{"timestamp":"2026-09-09T23:16:25.117924Z","level":"info","event":"Dag name:olist_ecommerce_pipeline","logger":"task.stdout"}
{"timestamp":"2026-09-09T23:16:25.116942Z","level":"info","event":"::endgroup::","ti_id":"01a08852-b320-7326-ab92-187067f4f285","run_id":"manual__2026-09-09T22:38:36.282237+00:00","map_index":-1,"task_id":"build_charts","try_number":1,"dag_id":"olist_ecommerce_pipeline","logger":"task","filename":"task_runner.py","lineno":2232}
{"timestamp":"2026-09-09T23:16:33.883936Z","level":"info","event":"================================================================================","logger":"task.stdout"}
{"timestamp":"2026-09-09T23:16:33.884229Z","level":"info","event":"GENERATING BI VISUALIZATIONS","logger":"task.stdout"}
{"timestamp":"2026-09-09T23:16:33.884413Z","level":"info","event":"================================================================================","logger":"task.stdout"}
{"timestamp":"2026-09-09T23:16:33.884695Z","level":"info","event":"Saved: /workspaces/olist-ecommerce-pipeline/outputs/figures/cluster_sizes.png","logger":"task.stdout"}
{"timestamp":"2026-09-09T23:16:33.884878Z","level":"info","event":"Saved: /workspaces/olist-ecommerce-pipeline/outputs/figures/recency_vs_spend_scatter.png","logger":"task.stdout"}
{"timestamp":"2026-09-09T23:16:33.885053Z","level":"info","event":"Saved: /workspaces/olist-ecommerce-pipeline/outputs/figures/avg_review_score_by_cluster.png","logger":"task.stdout"}
{"timestamp":"2026-09-09T23:16:33.885222Z","level":"info","event":"","logger":"task.stdout"}
{"timestamp":"2026-09-09T23:16:33.885394Z","level":"info","event":"================================================================================","logger":"task.stdout"}
{"timestamp":"2026-09-09T23:16:33.887659Z","level":"info","event":"ALL CHARTS GENERATED","logger":"task.stdout"}
{"timestamp":"2026-09-09T23:16:33.887831Z","level":"info","event":"================================================================================","logger":"task.stdout"}
{"timestamp":"2026-09-09T23:16:33.887997Z","level":"info","event":"","logger":"task.stdout"}
{"timestamp":"2026-09-09T23:16:33.881527Z","level":"info","event":"Done. Returned value was: None","ti_id":"01a08852-b320-7326-ab92-187067f4f285","run_id":"manual__2026-09-09T22:38:36.282237+00:00","map_index":-1,"task_id":"build_charts","try_number":1,"dag_id":"olist_ecommerce_pipeline","logger":"airflow.task.operators.airflow.providers.standard.decorators.python._PythonDecoratedOperator","filename":"python.py","lineno":233}
{"timestamp":"2026-09-09T23:16:33.881725Z","level":"info","event":"::group::Post Execute","ti_id":"01a08852-b320-7326-ab92-187067f4f285","run_id":"manual__2026-09-09T22:38:36.282237+00:00","map_index":-1,"task_id":"build_charts","try_number":1,"dag_id":"olist_ecommerce_pipeline","logger":"task","filename":"task_runner.py","lineno":1580}
{"timestamp":"2026-09-09T23:16:33.926586Z","level":"info","event":"Task instance in success state","logger":"task.stdout"}
{"timestamp":"2026-09-09T23:16:33.928494Z","level":"info","event":" Previous state of the Task instance: TaskInstanceState.RUNNING","logger":"task.stdout"}
{"timestamp":"2026-09-09T23:16:33.928739Z","level":"info","event":"Task operator:<Task(_PythonDecoratedOperator): build_charts>","logger":"task.stdout"}
{"timestamp":"2026-09-09T23:16:33.924675Z","level":"info","event":"::endgroup::","ti_id":"01a08852-b320-7326-ab92-187067f4f285","run_id":"manual__2026-09-09T22:38:36.282237+00:00","map_index":-1,"task_id":"build_charts","try_number":1,"dag_id":"olist_ecommerce_pipeline","logger":"task","filename":"task_runner.py","lineno":2379}
