{"timestamp":"2026-09-09T20:32:08.964897Z","level":"info","event":"::group::Pre Execute","logger":"task","filename":"task_runner.py","lineno":2412}
{"timestamp":"2026-09-09T20:32:08.983006Z","level":"info","event":"DAG bundles loaded: dags-folder, example_dags, apache-airflow-providers-common-sql-example-dags, apache-airflow-providers-standard-example-dags","map_index":-1,"try_number":1,"run_id":"manual__2026-09-09T20:29:57.417753+00:00","task_id":"build_features","ti_id":"01a087dc-eb55-7a1f-8d37-cd0227c49258","dag_id":"olist_ecommerce_pipeline","logger":"airflow.dag_processing.bundles.manager.DagBundlesManager","filename":"manager.py","lineno":304}
{"timestamp":"2026-09-09T20:32:08.983800Z","level":"info","event":"Filling up the DagBag from /workspaces/olist-ecommerce-pipeline/airflow/dags/olist_pipeline_dag.py","map_index":-1,"try_number":1,"run_id":"manual__2026-09-09T20:29:57.417753+00:00","task_id":"build_features","ti_id":"01a087dc-eb55-7a1f-8d37-cd0227c49258","dag_id":"olist_ecommerce_pipeline","logger":"airflow.dag_processing.dagbag.BundleDagBag","filename":"dagbag.py","lineno":460}
{"timestamp":"2026-09-09T20:32:09.019349Z","level":"info","event":"Worker startup parse complete","bundle_name":"dags-folder","bundle_version":null,"dag_file":"olist_pipeline_dag.py","dag_id":"olist_ecommerce_pipeline","bundle_prepare_ms":1,"dag_file_parse_ms":35,"map_index":-1,"try_number":1,"run_id":"manual__2026-09-09T20:29:57.417753+00:00","task_id":"build_features","ti_id":"01a087dc-eb55-7a1f-8d37-cd0227c49258","logger":"task","filename":"task_runner.py","lineno":1073}
{"timestamp":"2026-09-09T20:32:09.035071Z","level":"info","event":"Task instance is in running state","logger":"task.stdout"}
{"timestamp":"2026-09-09T20:32:09.035362Z","level":"info","event":" Previous state of the Task instance: TaskInstanceState.QUEUED","logger":"task.stdout"}
{"timestamp":"2026-09-09T20:32:09.035654Z","level":"info","event":"Current task name:build_features","logger":"task.stdout"}
{"timestamp":"2026-09-09T20:32:09.035871Z","level":"info","event":"Dag name:olist_ecommerce_pipeline","logger":"task.stdout"}
{"timestamp":"2026-09-09T20:32:09.035706Z","level":"info","event":"::endgroup::","map_index":-1,"try_number":1,"run_id":"manual__2026-09-09T20:29:57.417753+00:00","task_id":"build_features","ti_id":"01a087dc-eb55-7a1f-8d37-cd0227c49258","dag_id":"olist_ecommerce_pipeline","logger":"task","filename":"task_runner.py","lineno":2232}
{"timestamp":"2026-09-09T20:32:12.330036Z","level":"info","event":"================================================================================","logger":"task.stdout"}
{"timestamp":"2026-09-09T20:32:12.330316Z","level":"info","event":"BUILDING CUSTOMER-LEVEL RFM FEATURES","logger":"task.stdout"}
{"timestamp":"2026-09-09T20:32:12.330468Z","level":"info","event":"================================================================================","logger":"task.stdout"}
{"timestamp":"2026-09-09T20:32:12.330663Z","level":"info","event":"Snapshot date used for recency: 2018-08-29","logger":"task.stdout"}
{"timestamp":"2026-09-09T20:32:12.330834Z","level":"info","event":"Unique customers: 93,396","logger":"task.stdout"}
{"timestamp":"2026-09-09T20:32:12.330987Z","level":"info","event":"","logger":"task.stdout"}
{"timestamp":"2026-09-09T20:32:12.331149Z","level":"info","event":"Purchase frequency distribution:","logger":"task.stdout"}
{"timestamp":"2026-09-09T20:32:12.331307Z","level":"info","event":"purchase_frequency","logger":"task.stdout"}
{"timestamp":"2026-09-09T20:32:12.331459Z","level":"info","event":"1     90629","logger":"task.stdout"}
{"timestamp":"2026-09-09T20:32:12.331659Z","level":"info","event":"2      2542","logger":"task.stdout"}
{"timestamp":"2026-09-09T20:32:12.331837Z","level":"info","event":"3       179","logger":"task.stdout"}
{"timestamp":"2026-09-09T20:32:12.332009Z","level":"info","event":"4        27","logger":"task.stdout"}
{"timestamp":"2026-09-09T20:32:12.332174Z","level":"info","event":"5         9","logger":"task.stdout"}
{"timestamp":"2026-09-09T20:32:12.332355Z","level":"info","event":"6         5","logger":"task.stdout"}
{"timestamp":"2026-09-09T20:32:12.332524Z","level":"info","event":"7         3","logger":"task.stdout"}
{"timestamp":"2026-09-09T20:32:12.332738Z","level":"info","event":"9         1","logger":"task.stdout"}
{"timestamp":"2026-09-09T20:32:12.332903Z","level":"info","event":"15        1","logger":"task.stdout"}
{"timestamp":"2026-09-09T20:32:12.333066Z","level":"info","event":"","logger":"task.stdout"}
{"timestamp":"2026-09-09T20:32:12.333228Z","level":"info","event":"Customers with more than 1 order: 2,767 (2.96% of 93,396)","logger":"task.stdout"}
{"timestamp":"2026-09-09T20:32:12.333390Z","level":"info","event":"","logger":"task.stdout"}
{"timestamp":"2026-09-09T20:32:12.333544Z","level":"info","event":"Features saved to: /workspaces/olist-ecommerce-pipeline/data/features/customer_features.parquet","logger":"task.stdout"}
{"timestamp":"2026-09-09T20:32:12.333814Z","level":"info","event":"","logger":"task.stdout"}
{"timestamp":"2026-09-09T20:32:12.330051Z","level":"info","event":"Done. Returned value was: None","map_index":-1,"try_number":1,"run_id":"manual__2026-09-09T20:29:57.417753+00:00","task_id":"build_features","ti_id":"01a087dc-eb55-7a1f-8d37-cd0227c49258","dag_id":"olist_ecommerce_pipeline","logger":"airflow.task.operators.airflow.providers.standard.decorators.python._PythonDecoratedOperator","filename":"python.py","lineno":233}
{"timestamp":"2026-09-09T20:32:12.330219Z","level":"info","event":"::group::Post Execute","map_index":-1,"try_number":1,"run_id":"manual__2026-09-09T20:29:57.417753+00:00","task_id":"build_features","ti_id":"01a087dc-eb55-7a1f-8d37-cd0227c49258","dag_id":"olist_ecommerce_pipeline","logger":"task","filename":"task_runner.py","lineno":1580}
{"timestamp":"2026-09-09T20:32:12.446889Z","level":"info","event":"Task instance in success state","logger":"task.stdout"}
{"timestamp":"2026-09-09T20:32:12.447141Z","level":"info","event":" Previous state of the Task instance: TaskInstanceState.RUNNING","logger":"task.stdout"}
{"timestamp":"2026-09-09T20:32:12.447343Z","level":"info","event":"Task operator:<Task(_PythonDecoratedOperator): build_features>","logger":"task.stdout"}
{"timestamp":"2026-09-09T20:32:12.447245Z","level":"info","event":"::endgroup::","map_index":-1,"try_number":1,"run_id":"manual__2026-09-09T20:29:57.417753+00:00","task_id":"build_features","ti_id":"01a087dc-eb55-7a1f-8d37-cd0227c49258","dag_id":"olist_ecommerce_pipeline","logger":"task","filename":"task_runner.py","lineno":2379}
